Archive member included to satisfy reference by file (symbol)

c:/soft/systemworkbench/plugins/fr.ac6.mcu.externaltools.arm-none.win32_1.13.2.201705091103/tools/compiler/bin/../lib/gcc/arm-none-eabi/5.4.1/../../../../arm-none-eabi/lib/armv7-m\libc_nano.a(lib_a-exit.o)
                              c:/soft/systemworkbench/plugins/fr.ac6.mcu.externaltools.arm-none.win32_1.13.2.201705091103/tools/compiler/bin/../lib/gcc/arm-none-eabi/5.4.1/../../../../arm-none-eabi/lib/armv7-m/crt0.o (exit)
c:/soft/systemworkbench/plugins/fr.ac6.mcu.externaltools.arm-none.win32_1.13.2.201705091103/tools/compiler/bin/../lib/gcc/arm-none-eabi/5.4.1/../../../../arm-none-eabi/lib/armv7-m\libc_nano.a(lib_a-impure.o)
                              c:/soft/systemworkbench/plugins/fr.ac6.mcu.externaltools.arm-none.win32_1.13.2.201705091103/tools/compiler/bin/../lib/gcc/arm-none-eabi/5.4.1/../../../../arm-none-eabi/lib/armv7-m\libc_nano.a(lib_a-exit.o) (_global_impure_ptr)
c:/soft/systemworkbench/plugins/fr.ac6.mcu.externaltools.arm-none.win32_1.13.2.201705091103/tools/compiler/bin/../lib/gcc/arm-none-eabi/5.4.1/../../../../arm-none-eabi/lib/armv7-m\libc_nano.a(lib_a-init.o)
                              c:/soft/systemworkbench/plugins/fr.ac6.mcu.externaltools.arm-none.win32_1.13.2.201705091103/tools/compiler/bin/../lib/gcc/arm-none-eabi/5.4.1/../../../../arm-none-eabi/lib/armv7-m/crt0.o (__libc_init_array)
c:/soft/systemworkbench/plugins/fr.ac6.mcu.externaltools.arm-none.win32_1.13.2.201705091103/tools/compiler/bin/../lib/gcc/arm-none-eabi/5.4.1/../../../../arm-none-eabi/lib/armv7-m\libc_nano.a(lib_a-memcpy-stub.o)
                              Middlewares/Third_Party/FreeRTOS/Source/queue.o (memcpy)
c:/soft/systemworkbench/plugins/fr.ac6.mcu.externaltools.arm-none.win32_1.13.2.201705091103/tools/compiler/bin/../lib/gcc/arm-none-eabi/5.4.1/../../../../arm-none-eabi/lib/armv7-m\libc_nano.a(lib_a-memset.o)
                              c:/soft/systemworkbench/plugins/fr.ac6.mcu.externaltools.arm-none.win32_1.13.2.201705091103/tools/compiler/bin/../lib/gcc/arm-none-eabi/5.4.1/../../../../arm-none-eabi/lib/armv7-m/crt0.o (memset)
c:/soft/systemworkbench/plugins/fr.ac6.mcu.externaltools.arm-none.win32_1.13.2.201705091103/tools/compiler/bin/../lib/gcc/arm-none-eabi/5.4.1/../../../../arm-none-eabi/lib/armv7-m\libc_nano.a(lib_a-strcpy.o)
                              Src/nn_console.o (strcpy)
c:/soft/systemworkbench/plugins/fr.ac6.mcu.externaltools.arm-none.win32_1.13.2.201705091103/tools/compiler/bin/../lib/gcc/arm-none-eabi/5.4.1/../../../../arm-none-eabi/lib/armv7-m\libc_nano.a(lib_a-strlen.o)
                              Middlewares/Third_Party/FreeRTOS-Plus/Source/FreeRTOS-Plus-CLI/FreeRTOS_CLI.o (strlen)
c:/soft/systemworkbench/plugins/fr.ac6.mcu.externaltools.arm-none.win32_1.13.2.201705091103/tools/compiler/bin/../lib/gcc/arm-none-eabi/5.4.1/../../../../arm-none-eabi/lib/armv7-m\libc_nano.a(lib_a-strncmp.o)
                              Middlewares/Third_Party/FreeRTOS-Plus/Source/FreeRTOS-Plus-CLI/FreeRTOS_CLI.o (strncmp)
c:/soft/systemworkbench/plugins/fr.ac6.mcu.externaltools.arm-none.win32_1.13.2.201705091103/tools/compiler/bin/../lib/gcc/arm-none-eabi/5.4.1/../../../../arm-none-eabi/lib/armv7-m\libc_nano.a(lib_a-strncpy.o)
                              Middlewares/Third_Party/FreeRTOS-Plus/Source/FreeRTOS-Plus-CLI/FreeRTOS_CLI.o (strncpy)
c:/soft/systemworkbench/plugins/fr.ac6.mcu.externaltools.arm-none.win32_1.13.2.201705091103/tools/compiler/bin/../lib/gcc/arm-none-eabi/5.4.1/../../../../arm-none-eabi/lib/armv7-m\libnosys.a(_exit.o)
                              c:/soft/systemworkbench/plugins/fr.ac6.mcu.externaltools.arm-none.win32_1.13.2.201705091103/tools/compiler/bin/../lib/gcc/arm-none-eabi/5.4.1/../../../../arm-none-eabi/lib/armv7-m\libc_nano.a(lib_a-exit.o) (_exit)

Allocating common symbols
Common symbol       size              file

defaultTaskHandle   0x4               Src/main.o
hdma_usart3_rx      0x38              Src/main.o
huart3              0x40              Src/main.o
xQueueRegistry      0x40              Middlewares/Third_Party/FreeRTOS/Source/queue.o
hdma_usart3_tx      0x38              Src/main.o
pFlash              0x20              Drivers/STM32F1xx_HAL_Driver/Src/stm32f1xx_hal_flash.o
htim2               0x3c              Src/stm32f1xx_hal_timebase_TIM.o

Discarded input sections

 .text          0x00000000        0x0 c:/soft/systemworkbench/plugins/fr.ac6.mcu.externaltools.arm-none.win32_1.13.2.201705091103/tools/compiler/bin/../lib/gcc/arm-none-eabi/5.4.1/armv7-m/crti.o
 .data          0x00000000        0x0 c:/soft/systemworkbench/plugins/fr.ac6.mcu.externaltools.arm-none.win32_1.13.2.201705091103/tools/compiler/bin/../lib/gcc/arm-none-eabi/5.4.1/armv7-m/crti.o
 .bss           0x00000000        0x0 c:/soft/systemworkbench/plugins/fr.ac6.mcu.externaltools.arm-none.win32_1.13.2.201705091103/tools/compiler/bin/../lib/gcc/arm-none-eabi/5.4.1/armv7-m/crti.o
[...]
Memory Configuration

Name             Origin             Length             Attributes
RAM              0x20000000         0x00005000         xrw
FLASH            0x08000000         0x00020000         xr
*default*        0x00000000         0xffffffff

Linker script and memory map

LOAD c:/soft/systemworkbench/plugins/fr.ac6.mcu.externaltools.arm-none.win32_1.13.2.201705091103/tools/compiler/bin/../lib/gcc/arm-none-eabi/5.4.1/armv7-m/crti.o
LOAD c:/soft/systemworkbench/plugins/fr.ac6.mcu.externaltools.arm-none.win32_1.13.2.201705091103/tools/compiler/bin/../lib/gcc/arm-none-eabi/5.4.1/armv7-m/crtbegin.o
LOAD c:/soft/systemworkbench/plugins/fr.ac6.mcu.externaltools.arm-none.win32_1.13.2.201705091103/tools/compiler/bin/../lib/gcc/arm-none-eabi/5.4.1/../../../../arm-none-eabi/lib/armv7-m/crt0.o
LOAD Drivers/STM32F1xx_HAL_Driver/Src/stm32f1xx_hal.o
LOAD Drivers/STM32F1xx_HAL_Driver/Src/stm32f1xx_hal_cortex.o
LOAD Drivers/STM32F1xx_HAL_Driver/Src/stm32f1xx_hal_dma.o
LOAD Drivers/STM32F1xx_HAL_Driver/Src/stm32f1xx_hal_flash.o
LOAD Drivers/STM32F1xx_HAL_Driver/Src/stm32f1xx_hal_flash_ex.o
LOAD Drivers/STM32F1xx_HAL_Driver/Src/stm32f1xx_hal_gpio.o
LOAD Drivers/STM32F1xx_HAL_Driver/Src/stm32f1xx_hal_gpio_ex.o
LOAD Drivers/STM32F1xx_HAL_Driver/Src/stm32f1xx_hal_pwr.o
LOAD Drivers/STM32F1xx_HAL_Driver/Src/stm32f1xx_hal_rcc.o
LOAD Drivers/STM32F1xx_HAL_Driver/Src/stm32f1xx_hal_rcc_ex.o
LOAD Drivers/STM32F1xx_HAL_Driver/Src/stm32f1xx_hal_tim.o
LOAD Drivers/STM32F1xx_HAL_Driver/Src/stm32f1xx_hal_tim_ex.o
LOAD Drivers/STM32F1xx_HAL_Driver/Src/stm32f1xx_hal_uart.o
LOAD Middlewares/Third_Party/FreeRTOS/Source/CMSIS_RTOS/cmsis_os.o
LOAD Middlewares/Third_Party/FreeRTOS/Source/croutine.o
LOAD Middlewares/Third_Party/FreeRTOS/Source/event_groups.o
LOAD Middlewares/Third_Party/FreeRTOS/Source/list.o
LOAD Middlewares/Third_Party/FreeRTOS/Source/queue.o
LOAD Middlewares/Third_Party/FreeRTOS/Source/tasks.o
LOAD Middlewares/Third_Party/FreeRTOS/Source/timers.o
LOAD Middlewares/Third_Party/FreeRTOS/Source/portable/GCC/ARM_CM3/port.o
LOAD Middlewares/Third_Party/FreeRTOS/Source/portable/MemMang/heap_4.o
LOAD Middlewares/Third_Party/FreeRTOS-Plus/Source/FreeRTOS-Plus-CLI/FreeRTOS_CLI.o
LOAD Src/freertos.o
LOAD Src/main.o
LOAD Src/nn_commands.o
LOAD Src/nn_console.o
LOAD Src/nn_serial.o
LOAD Src/nn_threads.o
LOAD Src/nn_tim.o
LOAD Src/stm32f1xx_hal_msp.o
LOAD Src/stm32f1xx_hal_timebase_TIM.o
LOAD Src/stm32f1xx_it.o
LOAD Src/system_stm32f1xx.o
LOAD startup/startup_stm32f103xb.o
LOAD c:/soft/systemworkbench/plugins/fr.ac6.mcu.externaltools.arm-none.win32_1.13.2.201705091103/tools/compiler/bin/../lib/gcc/arm-none-eabi/5.4.1/../../../../arm-none-eabi/lib/armv7-m\libm.a
START GROUP
LOAD c:/soft/systemworkbench/plugins/fr.ac6.mcu.externaltools.arm-none.win32_1.13.2.201705091103/tools/compiler/bin/../lib/gcc/arm-none-eabi/5.4.1/armv7-m\libgcc.a
LOAD c:/soft/systemworkbench/plugins/fr.ac6.mcu.externaltools.arm-none.win32_1.13.2.201705091103/tools/compiler/bin/../lib/gcc/arm-none-eabi/5.4.1/../../../../arm-none-eabi/lib/armv7-m\libc_nano.a
END GROUP
START GROUP
LOAD c:/soft/systemworkbench/plugins/fr.ac6.mcu.externaltools.arm-none.win32_1.13.2.201705091103/tools/compiler/bin/../lib/gcc/arm-none-eabi/5.4.1/armv7-m\libgcc.a
LOAD c:/soft/systemworkbench/plugins/fr.ac6.mcu.externaltools.arm-none.win32_1.13.2.201705091103/tools/compiler/bin/../lib/gcc/arm-none-eabi/5.4.1/../../../../arm-none-eabi/lib/armv7-m\libc_nano.a
LOAD c:/soft/systemworkbench/plugins/fr.ac6.mcu.externaltools.arm-none.win32_1.13.2.201705091103/tools/compiler/bin/../lib/gcc/arm-none-eabi/5.4.1/../../../../arm-none-eabi/lib/armv7-m\libnosys.a
END GROUP
START GROUP
LOAD c:/soft/systemworkbench/plugins/fr.ac6.mcu.externaltools.arm-none.win32_1.13.2.201705091103/tools/compiler/bin/../lib/gcc/arm-none-eabi/5.4.1/armv7-m\libgcc.a
LOAD c:/soft/systemworkbench/plugins/fr.ac6.mcu.externaltools.arm-none.win32_1.13.2.201705091103/tools/compiler/bin/../lib/gcc/arm-none-eabi/5.4.1/../../../../arm-none-eabi/lib/armv7-m\libc_nano.a
LOAD c:/soft/systemworkbench/plugins/fr.ac6.mcu.externaltools.arm-none.win32_1.13.2.201705091103/tools/compiler/bin/../lib/gcc/arm-none-eabi/5.4.1/../../../../arm-none-eabi/lib/armv7-m\libnosys.a
END GROUP
LOAD c:/soft/systemworkbench/plugins/fr.ac6.mcu.externaltools.arm-none.win32_1.13.2.201705091103/tools/compiler/bin/../lib/gcc/arm-none-eabi/5.4.1/armv7-m/crtend.o
LOAD c:/soft/systemworkbench/plugins/fr.ac6.mcu.externaltools.arm-none.win32_1.13.2.201705091103/tools/compiler/bin/../lib/gcc/arm-none-eabi/5.4.1/armv7-m/crtn.o
                0x20005000                _estack = 0x20005000
                0x00000200                _Min_Heap_Size = 0x200
                0x00000400                _Min_Stack_Size = 0x400

.isr_vector     0x08000000      0x10c
                0x08000000                . = ALIGN (0x4)
 *(.isr_vector)
 .isr_vector    0x08000000      0x10c startup/startup_stm32f103xb.o
                0x08000000                g_pfnVectors
                0x0800010c                . = ALIGN (0x4)

.text           0x0800010c     0x3460
                0x0800010c                . = ALIGN (0x4)
 *(.text)
 .text          0x0800010c       0x5c c:/soft/systemworkbench/plugins/fr.ac6.mcu.externaltools.arm-none.win32_1.13.2.201705091103/tools/compiler/bin/../lib/gcc/arm-none-eabi/5.4.1/armv7-m/crtbegin.o
 .text          0x08000168       0x10 c:/soft/systemworkbench/plugins/fr.ac6.mcu.externaltools.arm-none.win32_1.13.2.201705091103/tools/compiler/bin/../lib/gcc/arm-none-eabi/5.4.1/../../../../arm-none-eabi/lib/armv7-m\libc_nano.a(lib_a-strlen.o)
                0x08000168                strlen
 *(.text*)
 .text.HAL_Init
                0x08000178       0x24 Drivers/STM32F1xx_HAL_Driver/Src/stm32f1xx_hal.o
                0x08000178                HAL_Init
 .text.HAL_IncTick
                0x0800019c       0x10 Drivers/STM32F1xx_HAL_Driver/Src/stm32f1xx_hal.o
                0x0800019c                HAL_IncTick
 .text.HAL_GetTick
                0x080001ac        0xc Drivers/STM32F1xx_HAL_Driver/Src/stm32f1xx_hal.o
                0x080001ac                HAL_GetTick
 .text.HAL_Delay
                0x080001b8       0x1c Drivers/STM32F1xx_HAL_Driver/Src/stm32f1xx_hal.o
                0x080001b8                HAL_Delay
 .text.HAL_NVIC_SetPriorityGrouping
                0x080001d4       0x24 Drivers/STM32F1xx_HAL_Driver/Src/stm32f1xx_hal_cortex.o
                0x080001d4                HAL_NVIC_SetPriorityGrouping
 .text.HAL_NVIC_SetPriority
                0x080001f8       0x64 Drivers/STM32F1xx_HAL_Driver/Src/stm32f1xx_hal_cortex.o
                0x080001f8                HAL_NVIC_SetPriority
 .text.HAL_NVIC_EnableIRQ
                0x0800025c       0x18 Drivers/STM32F1xx_HAL_Driver/Src/stm32f1xx_hal_cortex.o
                0x0800025c                HAL_NVIC_EnableIRQ
 .text.HAL_SYSTICK_Config
                0x08000274       0x2c Drivers/STM32F1xx_HAL_Driver/Src/stm32f1xx_hal_cortex.o
                0x08000274                HAL_SYSTICK_Config
 .text.HAL_SYSTICK_CLKSourceConfig
                0x080002a0       0x20 Drivers/STM32F1xx_HAL_Driver/Src/stm32f1xx_hal_cortex.o
                0x080002a0                HAL_SYSTICK_CLKSourceConfig
 .text.DMA_SetConfig
                0x080002c0       0x24 Drivers/STM32F1xx_HAL_Driver/Src/stm32f1xx_hal_dma.o
 .text.HAL_DMA_Init
                0x080002e4       0x54 Drivers/STM32F1xx_HAL_Driver/Src/stm32f1xx_hal_dma.o
                0x080002e4                HAL_DMA_Init
 .text.HAL_DMA_Start
                0x08000338       0x3c Drivers/STM32F1xx_HAL_Driver/Src/stm32f1xx_hal_dma.o
                0x08000338                HAL_DMA_Start
 .text.HAL_DMA_Start_IT
                0x08000374       0x58 Drivers/STM32F1xx_HAL_Driver/Src/stm32f1xx_hal_dma.o
                0x08000374                HAL_DMA_Start_IT
 .text.HAL_DMA_IRQHandler
                0x080003cc      0x270 Drivers/STM32F1xx_HAL_Driver/Src/stm32f1xx_hal_dma.o
                0x080003cc                HAL_DMA_IRQHandler
 .text.HAL_GPIO_Init
                0x0800063c      0x1d8 Drivers/STM32F1xx_HAL_Driver/Src/stm32f1xx_hal_gpio.o
                0x0800063c                HAL_GPIO_Init
 .text.HAL_GPIO_WritePin
                0x08000814        0xc Drivers/STM32F1xx_HAL_Driver/Src/stm32f1xx_hal_gpio.o
                0x08000814                HAL_GPIO_WritePin
 .text.HAL_GPIO_TogglePin
                0x08000820        0x8 Drivers/STM32F1xx_HAL_Driver/Src/stm32f1xx_hal_gpio.o
                0x08000820                HAL_GPIO_TogglePin
 .text.HAL_GPIO_EXTI_Callback
                0x08000828        0x4 Drivers/STM32F1xx_HAL_Driver/Src/stm32f1xx_hal_gpio.o
                0x08000828                HAL_GPIO_EXTI_Callback
 .text.HAL_GPIO_EXTI_IRQHandler
                0x0800082c       0x18 Drivers/STM32F1xx_HAL_Driver/Src/stm32f1xx_hal_gpio.o
                0x0800082c                HAL_GPIO_EXTI_IRQHandler
 .text.HAL_RCC_OscConfig
                0x08000844      0x5ec Drivers/STM32F1xx_HAL_Driver/Src/stm32f1xx_hal_rcc.o
                0x08000844                HAL_RCC_OscConfig
 .text.HAL_RCC_GetSysClockFreq
                0x08000e30       0x94 Drivers/STM32F1xx_HAL_Driver/Src/stm32f1xx_hal_rcc.o
                0x08000e30                HAL_RCC_GetSysClockFreq
 .text.HAL_RCC_ClockConfig
                0x08000ec4      0x1e4 Drivers/STM32F1xx_HAL_Driver/Src/stm32f1xx_hal_rcc.o
                0x08000ec4                HAL_RCC_ClockConfig
 .text.HAL_RCC_GetHCLKFreq
                0x080010a8        0xc Drivers/STM32F1xx_HAL_Driver/Src/stm32f1xx_hal_rcc.o
                0x080010a8                HAL_RCC_GetHCLKFreq
 .text.HAL_RCC_GetPCLK1Freq
                0x080010b4       0x30 Drivers/STM32F1xx_HAL_Driver/Src/stm32f1xx_hal_rcc.o
                0x080010b4                HAL_RCC_GetPCLK1Freq
 .text.HAL_RCC_GetPCLK2Freq
                0x080010e4       0x30 Drivers/STM32F1xx_HAL_Driver/Src/stm32f1xx_hal_rcc.o
                0x080010e4                HAL_RCC_GetPCLK2Freq
 .text.HAL_RCC_GetClockConfig
                0x08001114       0x3c Drivers/STM32F1xx_HAL_Driver/Src/stm32f1xx_hal_rcc.o
                0x08001114                HAL_RCC_GetClockConfig
 .text.TIM_OC1_SetConfig
                0x08001150       0x58 Drivers/STM32F1xx_HAL_Driver/Src/stm32f1xx_hal_tim.o
 .text.TIM_OC3_SetConfig
                0x080011a8       0x60 Drivers/STM32F1xx_HAL_Driver/Src/stm32f1xx_hal_tim.o
 .text.TIM_OC4_SetConfig
                0x08001208       0x48 Drivers/STM32F1xx_HAL_Driver/Src/stm32f1xx_hal_tim.o
 .text.TIM_TI2_SetConfig
                0x08001250       0x34 Drivers/STM32F1xx_HAL_Driver/Src/stm32f1xx_hal_tim.o
 .text.TIM_TI3_SetConfig
                0x08001284       0x34 Drivers/STM32F1xx_HAL_Driver/Src/stm32f1xx_hal_tim.o
 .text.TIM_TI4_SetConfig
                0x080012b8       0x34 Drivers/STM32F1xx_HAL_Driver/Src/stm32f1xx_hal_tim.o
 .text.HAL_TIM_Base_MspInit
                0x080012ec        0x4 Drivers/STM32F1xx_HAL_Driver/Src/stm32f1xx_hal_tim.o
                0x080012ec                HAL_TIM_Base_MspInit
 .text.HAL_TIM_Base_Start_IT
                0x080012f0       0x18 Drivers/STM32F1xx_HAL_Driver/Src/stm32f1xx_hal_tim.o
                0x080012f0                HAL_TIM_Base_Start_IT
 .text.HAL_TIM_PWM_MspInit
                0x08001308        0x4 Drivers/STM32F1xx_HAL_Driver/Src/stm32f1xx_hal_tim.o
                0x08001308                HAL_TIM_PWM_MspInit
 .text.HAL_TIM_OC_DelayElapsedCallback
                0x0800130c        0x4 Drivers/STM32F1xx_HAL_Driver/Src/stm32f1xx_hal_tim.o
                0x0800130c                HAL_TIM_OC_DelayElapsedCallback
 .text.HAL_TIM_IC_CaptureCallback
                0x08001310        0x4 Drivers/STM32F1xx_HAL_Driver/Src/stm32f1xx_hal_tim.o
                0x08001310                HAL_TIM_IC_CaptureCallback
 .text.HAL_TIM_PWM_PulseFinishedCallback
                0x08001314        0x4 Drivers/STM32F1xx_HAL_Driver/Src/stm32f1xx_hal_tim.o
                0x08001314                HAL_TIM_PWM_PulseFinishedCallback
 .text.HAL_TIM_TriggerCallback
                0x08001318        0x4 Drivers/STM32F1xx_HAL_Driver/Src/stm32f1xx_hal_tim.o
                0x08001318                HAL_TIM_TriggerCallback
 .text.HAL_TIM_IRQHandler
                0x0800131c      0x174 Drivers/STM32F1xx_HAL_Driver/Src/stm32f1xx_hal_tim.o
                0x0800131c                HAL_TIM_IRQHandler
 .text.TIM_Base_SetConfig
                0x08001490       0x68 Drivers/STM32F1xx_HAL_Driver/Src/stm32f1xx_hal_tim.o
                0x08001490                TIM_Base_SetConfig
 .text.HAL_TIM_Base_Init
                0x080014f8       0x38 Drivers/STM32F1xx_HAL_Driver/Src/stm32f1xx_hal_tim.o
                0x080014f8                HAL_TIM_Base_Init
 .text.HAL_TIM_PWM_Init
                0x08001530       0x38 Drivers/STM32F1xx_HAL_Driver/Src/stm32f1xx_hal_tim.o
                0x08001530                HAL_TIM_PWM_Init
 .text.TIM_OC2_SetConfig
                0x08001568       0x60 Drivers/STM32F1xx_HAL_Driver/Src/stm32f1xx_hal_tim.o
                0x08001568                TIM_OC2_SetConfig
 .text.HAL_TIM_PWM_ConfigChannel
                0x080015c8       0xdc Drivers/STM32F1xx_HAL_Driver/Src/stm32f1xx_hal_tim.o
                0x080015c8                HAL_TIM_PWM_ConfigChannel
 .text.TIM_TI1_SetConfig
                0x080016a4       0x6c Drivers/STM32F1xx_HAL_Driver/Src/stm32f1xx_hal_tim.o
                0x080016a4                TIM_TI1_SetConfig
 .text.HAL_TIM_IC_ConfigChannel
                0x08001710       0xc0 Drivers/STM32F1xx_HAL_Driver/Src/stm32f1xx_hal_tim.o
                0x08001710                HAL_TIM_IC_ConfigChannel
 .text.TIM_CCxChannelCmd
                0x080017d0       0x1c Drivers/STM32F1xx_HAL_Driver/Src/stm32f1xx_hal_tim.o
                0x080017d0                TIM_CCxChannelCmd
 .text.HAL_TIM_PWM_Start
                0x080017ec       0x30 Drivers/STM32F1xx_HAL_Driver/Src/stm32f1xx_hal_tim.o
                0x080017ec                HAL_TIM_PWM_Start
 .text.HAL_TIMEx_CommutationCallback
                0x0800181c        0x4 Drivers/STM32F1xx_HAL_Driver/Src/stm32f1xx_hal_tim_ex.o
                0x0800181c                HAL_TIMEx_CommutationCallback
 .text.HAL_TIMEx_BreakCallback
                0x08001820        0x4 Drivers/STM32F1xx_HAL_Driver/Src/stm32f1xx_hal_tim_ex.o
                0x08001820                HAL_TIMEx_BreakCallback
 .text.UART_Transmit_IT
                0x08001824       0x6c Drivers/STM32F1xx_HAL_Driver/Src/stm32f1xx_hal_uart.o
 .text.UART_SetConfig
                0x08001890      0x1bc Drivers/STM32F1xx_HAL_Driver/Src/stm32f1xx_hal_uart.o
 .text.HAL_UART_Init
                0x08001a4c       0x60 Drivers/STM32F1xx_HAL_Driver/Src/stm32f1xx_hal_uart.o
                0x08001a4c                HAL_UART_Init
 .text.HAL_UART_Transmit_DMA
                0x08001aac       0xa0 Drivers/STM32F1xx_HAL_Driver/Src/stm32f1xx_hal_uart.o
                0x08001aac                HAL_UART_Transmit_DMA
 .text.HAL_UART_Receive_DMA
                0x08001b4c       0x98 Drivers/STM32F1xx_HAL_Driver/Src/stm32f1xx_hal_uart.o
                0x08001b4c                HAL_UART_Receive_DMA
 .text.HAL_UART_TxCpltCallback
                0x08001be4        0x4 Drivers/STM32F1xx_HAL_Driver/Src/stm32f1xx_hal_uart.o
                0x08001be4                HAL_UART_TxCpltCallback
 .text.UART_DMATransmitCplt
                0x08001be8       0x30 Drivers/STM32F1xx_HAL_Driver/Src/stm32f1xx_hal_uart.o
 .text.UART_EndTransmit_IT
                0x08001c18       0x2c Drivers/STM32F1xx_HAL_Driver/Src/stm32f1xx_hal_uart.o
 .text.HAL_UART_TxHalfCpltCallback
                0x08001c44        0x4 Drivers/STM32F1xx_HAL_Driver/Src/stm32f1xx_hal_uart.o
                0x08001c44                HAL_UART_TxHalfCpltCallback
 .text.UART_DMATxHalfCplt
                0x08001c48        0xc Drivers/STM32F1xx_HAL_Driver/Src/stm32f1xx_hal_uart.o
 .text.HAL_UART_RxCpltCallback
                0x08001c54        0x4 Drivers/STM32F1xx_HAL_Driver/Src/stm32f1xx_hal_uart.o
                0x08001c54                HAL_UART_RxCpltCallback
 .text.UART_DMAReceiveCplt
                0x08001c58       0x3c Drivers/STM32F1xx_HAL_Driver/Src/stm32f1xx_hal_uart.o
 .text.UART_Receive_IT
                0x08001c94       0xb4 Drivers/STM32F1xx_HAL_Driver/Src/stm32f1xx_hal_uart.o
 .text.HAL_UART_RxHalfCpltCallback
                0x08001d48        0x4 Drivers/STM32F1xx_HAL_Driver/Src/stm32f1xx_hal_uart.o
                0x08001d48                HAL_UART_RxHalfCpltCallback
 .text.UART_DMARxHalfCplt
                0x08001d4c        0xc Drivers/STM32F1xx_HAL_Driver/Src/stm32f1xx_hal_uart.o
 .text.HAL_UART_ErrorCallback
                0x08001d58        0x4 Drivers/STM32F1xx_HAL_Driver/Src/stm32f1xx_hal_uart.o
                0x08001d58                HAL_UART_ErrorCallback
 .text.UART_DMAError
                0x08001d5c       0x20 Drivers/STM32F1xx_HAL_Driver/Src/stm32f1xx_hal_uart.o
 .text.HAL_UART_IRQHandler
                0x08001d7c       0xc4 Drivers/STM32F1xx_HAL_Driver/Src/stm32f1xx_hal_uart.o
                0x08001d7c                HAL_UART_IRQHandler
 .text.makeFreeRtosPriority
                0x08001e40        0xc Middlewares/Third_Party/FreeRTOS/Source/CMSIS_RTOS/cmsis_os.o
 .text.osKernelStart
                0x08001e4c        0xc Middlewares/Third_Party/FreeRTOS/Source/CMSIS_RTOS/cmsis_os.o
                0x08001e4c                osKernelStart
 .text.osThreadCreate
                0x08001e58       0x3c Middlewares/Third_Party/FreeRTOS/Source/CMSIS_RTOS/cmsis_os.o
                0x08001e58                osThreadCreate
 .text.osDelay  0x08001e94       0x10 Middlewares/Third_Party/FreeRTOS/Source/CMSIS_RTOS/cmsis_os.o
                0x08001e94                osDelay
 .text.osSystickHandler
                0x08001ea4       0x10 Middlewares/Third_Party/FreeRTOS/Source/CMSIS_RTOS/cmsis_os.o
                0x08001ea4                osSystickHandler
 .text.vListInitialise
                0x08001eb4       0x18 Middlewares/Third_Party/FreeRTOS/Source/list.o
                0x08001eb4                vListInitialise
 .text.vListInitialiseItem
                0x08001ecc        0x8 Middlewares/Third_Party/FreeRTOS/Source/list.o
                0x08001ecc                vListInitialiseItem
 .text.vListInsertEnd
                0x08001ed4       0x18 Middlewares/Third_Party/FreeRTOS/Source/list.o
                0x08001ed4                vListInsertEnd
 .text.vListInsert
                0x08001eec       0x34 Middlewares/Third_Party/FreeRTOS/Source/list.o
                0x08001eec                vListInsert
 .text.uxListRemove
                0x08001f20       0x24 Middlewares/Third_Party/FreeRTOS/Source/list.o
                0x08001f20                uxListRemove
 .text.prvResetNextTaskUnblockTime
                0x08001f44       0x2c Middlewares/Third_Party/FreeRTOS/Source/tasks.o
 .text.prvDeleteTCB
                0x08001f70       0x14 Middlewares/Third_Party/FreeRTOS/Source/tasks.o
 .text.prvAllocateTCBAndStack
                0x08001f84       0x3c Middlewares/Third_Party/FreeRTOS/Source/tasks.o
 .text.prvInitialiseTCBVariables
                0x08001fc0       0x50 Middlewares/Third_Party/FreeRTOS/Source/tasks.o
 .text.prvInitialiseTaskLists
                0x08002010       0x58 Middlewares/Third_Party/FreeRTOS/Source/tasks.o
 .text.prvAddCurrentTaskToDelayedList
                0x08002068       0x44 Middlewares/Third_Party/FreeRTOS/Source/tasks.o
 .text.xTaskGenericCreate
                0x080020ac      0x110 Middlewares/Third_Party/FreeRTOS/Source/tasks.o
                0x080020ac                xTaskGenericCreate
 .text.vTaskStartScheduler
                0x080021bc       0x54 Middlewares/Third_Party/FreeRTOS/Source/tasks.o
                0x080021bc                vTaskStartScheduler
 .text.vTaskSuspendAll
                0x08002210       0x14 Middlewares/Third_Party/FreeRTOS/Source/tasks.o
                0x08002210                vTaskSuspendAll
 .text.xTaskIncrementTick
                0x08002224      0x110 Middlewares/Third_Party/FreeRTOS/Source/tasks.o
                0x08002224                xTaskIncrementTick
 .text.xTaskResumeAll
                0x08002334       0xdc Middlewares/Third_Party/FreeRTOS/Source/tasks.o
                0x08002334                xTaskResumeAll
 .text.vTaskDelay
                0x08002410       0x60 Middlewares/Third_Party/FreeRTOS/Source/tasks.o
                0x08002410                vTaskDelay
 .text.prvCheckTasksWaitingTermination
                0x08002470       0x54 Middlewares/Third_Party/FreeRTOS/Source/tasks.o
 .text.prvIdleTask
                0x080024c4       0x18 Middlewares/Third_Party/FreeRTOS/Source/tasks.o
 .text.vTaskSwitchContext
                0x080024dc       0x80 Middlewares/Third_Party/FreeRTOS/Source/tasks.o
                0x080024dc                vTaskSwitchContext
 .text.xTaskGetSchedulerState
                0x0800255c       0x20 Middlewares/Third_Party/FreeRTOS/Source/tasks.o
                0x0800255c                xTaskGetSchedulerState
 .text.prvPortStartFirstTask
                0x0800257c       0x20 Middlewares/Third_Party/FreeRTOS/Source/portable/GCC/ARM_CM3/port.o
 .text.pxPortInitialiseStack
                0x0800259c       0x20 Middlewares/Third_Party/FreeRTOS/Source/portable/GCC/ARM_CM3/port.o
                0x0800259c                pxPortInitialiseStack
 .text.SVC_Handler
                0x080025bc       0x24 Middlewares/Third_Party/FreeRTOS/Source/portable/GCC/ARM_CM3/port.o
                0x080025bc                SVC_Handler
 .text.vPortYield
                0x080025e0       0x18 Middlewares/Third_Party/FreeRTOS/Source/portable/GCC/ARM_CM3/port.o
                0x080025e0                vPortYield
 .text.ulPortSetInterruptMask
                0x080025f8       0x10 Middlewares/Third_Party/FreeRTOS/Source/portable/GCC/ARM_CM3/port.o
                0x080025f8                ulPortSetInterruptMask
 .text.prvTaskExitError
                0x08002608       0x1c Middlewares/Third_Party/FreeRTOS/Source/portable/GCC/ARM_CM3/port.o
 .text.vPortEnterCritical
                0x08002624       0x34 Middlewares/Third_Party/FreeRTOS/Source/portable/GCC/ARM_CM3/port.o
                0x08002624                vPortEnterCritical
 .text.vPortClearInterruptMask
                0x08002658        0x8 Middlewares/Third_Party/FreeRTOS/Source/portable/GCC/ARM_CM3/port.o
                0x08002658                vPortClearInterruptMask
 .text.vPortExitCritical
                0x08002660       0x24 Middlewares/Third_Party/FreeRTOS/Source/portable/GCC/ARM_CM3/port.o
                0x08002660                vPortExitCritical
 .text.PendSV_Handler
                0x08002684       0x44 Middlewares/Third_Party/FreeRTOS/Source/portable/GCC/ARM_CM3/port.o
                0x08002684                PendSV_Handler
 .text.xPortSysTickHandler
                0x080026c8       0x20 Middlewares/Third_Party/FreeRTOS/Source/portable/GCC/ARM_CM3/port.o
                0x080026c8                xPortSysTickHandler
 .text.vPortSetupTimerInterrupt
                0x080026e8       0x2c Middlewares/Third_Party/FreeRTOS/Source/portable/GCC/ARM_CM3/port.o
                0x080026e8                vPortSetupTimerInterrupt
 .text.xPortStartScheduler
                0x08002714       0x90 Middlewares/Third_Party/FreeRTOS/Source/portable/GCC/ARM_CM3/port.o
                0x08002714                xPortStartScheduler
 .text.prvHeapInit
                0x080027a4       0x54 Middlewares/Third_Party/FreeRTOS/Source/portable/MemMang/heap_4.o
 .text.prvInsertBlockIntoFreeList
                0x080027f8       0x58 Middlewares/Third_Party/FreeRTOS/Source/portable/MemMang/heap_4.o
 .text.pvPortMalloc
                0x08002850       0xe8 Middlewares/Third_Party/FreeRTOS/Source/portable/MemMang/heap_4.o
                0x08002850                pvPortMalloc
 .text.vPortFree
                0x08002938       0x60 Middlewares/Third_Party/FreeRTOS/Source/portable/MemMang/heap_4.o
                0x08002938                vPortFree
 .text.prvGetNumberOfParameters
                0x08002998       0x28 Middlewares/Third_Party/FreeRTOS-Plus/Source/FreeRTOS-Plus-CLI/FreeRTOS_CLI.o
 .text.prvHelpCommand
                0x080029c0       0x34 Middlewares/Third_Party/FreeRTOS-Plus/Source/FreeRTOS-Plus-CLI/FreeRTOS_CLI.o
 .text.FreeRTOS_CLIRegisterCommand
                0x080029f4       0x40 Middlewares/Third_Party/FreeRTOS-Plus/Source/FreeRTOS-Plus-CLI/FreeRTOS_CLI.o
                0x080029f4                FreeRTOS_CLIRegisterCommand
 .text.FreeRTOS_CLIProcessCommand
                0x08002a34       0xc0 Middlewares/Third_Party/FreeRTOS-Plus/Source/FreeRTOS-Plus-CLI/FreeRTOS_CLI.o
                0x08002a34                FreeRTOS_CLIProcessCommand
 .text.FreeRTOS_CLIGetOutputBuffer
                0x08002af4        0x8 Middlewares/Third_Party/FreeRTOS-Plus/Source/FreeRTOS-Plus-CLI/FreeRTOS_CLI.o
                0x08002af4                FreeRTOS_CLIGetOutputBuffer
 .text.MX_GPIO_Init
                0x08002afc       0xb8 Src/main.o
 .text.MX_DMA_Init
                0x08002bb4       0x44 Src/main.o
 .text.StartDefaultTask
                0x08002bf8        0xc Src/main.o
                0x08002bf8                StartDefaultTask
 .text.HAL_TIM_PeriodElapsedCallback
                0x08002c04       0x10 Src/main.o
                0x08002c04                HAL_TIM_PeriodElapsedCallback
 .text.Error_Handler
                0x08002c14        0x4 Src/main.o
                0x08002c14                Error_Handler
 .text.MX_USART3_UART_Init
                0x08002c18       0x34 Src/main.o
 .text.SystemClock_Config
                0x08002c4c       0x78 Src/main.o
                0x08002c4c                SystemClock_Config
 .text.main     0x08002cc4       0x4c Src/main.o
                0x08002cc4                main
 .text.helloTaskCommand
                0x08002d10       0x1c Src/nn_commands.o
                0x08002d10                helloTaskCommand
 .text.printTaskCommand
                0x08002d2c       0x28 Src/nn_commands.o
                0x08002d2c                printTaskCommand
 .text.genSeqTaskCommand
                0x08002d54        0xc Src/nn_commands.o
                0x08002d54                genSeqTaskCommand
 .text.vRegisterCommands
                0x08002d60       0x20 Src/nn_commands.o
                0x08002d60                vRegisterCommands
 .text.prvConsoleTask
                0x08002d80      0x100 Src/nn_console.o
                0x08002d80                prvConsoleTask
 .text.vStartConsole
                0x08002e80       0x2c Src/nn_console.o
                0x08002e80                vStartConsole
 .text.vSerialPutString
                0x08002eac       0x1c Src/nn_serial.o
                0x08002eac                vSerialPutString
 .text.xSerialGetChar
                0x08002ec8       0x14 Src/nn_serial.o
                0x08002ec8                xSerialGetChar
 .text.xSerialPutChar
                0x08002edc       0x18 Src/nn_serial.o
                0x08002edc                xSerialPutChar
 .text.prvGenTask
                0x08002ef4        0x8 Src/nn_threads.o
 .text.startGenThread
                0x08002efc       0x28 Src/nn_threads.o
                0x08002efc                startGenThread
 .text.initTimer4Pins
                0x08002f24       0x94 Src/nn_tim.o
 .text.initDmaForCh_1_2_3
                0x08002fb8       0x80 Src/nn_tim.o
 .text.initTim4Ch1_CC
                0x08003038       0x30 Src/nn_tim.o
 .text.initTim4
                0x08003068       0xa8 Src/nn_tim.o
                0x08003068                initTim4
 .text.genSequence
                0x08003110       0x30 Src/nn_tim.o
                0x08003110                genSequence
 .text.TIM4_IRQHandler
                0x08003140       0x58 Src/nn_tim.o
                0x08003140                TIM4_IRQHandler
 .text.DMA1_Channel1_IRQHandler
                0x08003198       0x2c Src/nn_tim.o
                0x08003198                DMA1_Channel1_IRQHandler
 .text.HAL_MspInit
                0x080031c4       0x90 Src/stm32f1xx_hal_msp.o
                0x080031c4                HAL_MspInit
 .text.HAL_UART_MspInit
                0x08003254       0xe0 Src/stm32f1xx_hal_msp.o
                0x08003254                HAL_UART_MspInit
 .text.HAL_InitTick
                0x08003334       0x78 Src/stm32f1xx_hal_timebase_TIM.o
                0x08003334                HAL_InitTick
 .text.SysTick_Handler
                0x080033ac        0x8 Src/stm32f1xx_it.o
                0x080033ac                SysTick_Handler
 .text.DMA1_Channel2_IRQHandler
                0x080033b4       0x10 Src/stm32f1xx_it.o
                0x080033b4                DMA1_Channel2_IRQHandler
 .text.DMA1_Channel3_IRQHandler
                0x080033c4       0x10 Src/stm32f1xx_it.o
                0x080033c4                DMA1_Channel3_IRQHandler
 .text.TIM2_IRQHandler
                0x080033d4       0x10 Src/stm32f1xx_it.o
                0x080033d4                TIM2_IRQHandler
 .text.USART3_IRQHandler
                0x080033e4       0x10 Src/stm32f1xx_it.o
                0x080033e4                USART3_IRQHandler
 .text.EXTI15_10_IRQHandler
                0x080033f4        0xc Src/stm32f1xx_it.o
                0x080033f4                EXTI15_10_IRQHandler
 .text.SystemInit
                0x08003400       0x4c Src/system_stm32f1xx.o
                0x08003400                SystemInit
 .text.Reset_Handler
                0x0800344c       0x48 startup/startup_stm32f103xb.o
                0x0800344c                Reset_Handler
 .text.Default_Handler
                0x08003494        0x2 startup/startup_stm32f103xb.o
                0x08003494                RTC_Alarm_IRQHandler
                0x08003494                EXTI2_IRQHandler
                0x08003494                DebugMon_Handler
                0x08003494                TIM1_CC_IRQHandler
                0x08003494                HardFault_Handler
                0x08003494                PVD_IRQHandler
                0x08003494                NMI_Handler
                0x08003494                EXTI3_IRQHandler
                0x08003494                EXTI0_IRQHandler
                0x08003494                I2C2_EV_IRQHandler
                0x08003494                UsageFault_Handler
                0x08003494                ADC1_2_IRQHandler
                0x08003494                SPI1_IRQHandler
                0x08003494                TAMPER_IRQHandler
                0x08003494                DMA1_Channel4_IRQHandler
                0x08003494                RTC_IRQHandler
                0x08003494                DMA1_Channel7_IRQHandler
                0x08003494                CAN1_RX1_IRQHandler
                0x08003494                I2C1_EV_IRQHandler
                0x08003494                DMA1_Channel6_IRQHandler
                0x08003494                TIM3_IRQHandler
                0x08003494                RCC_IRQHandler
                0x08003494                TIM1_TRG_COM_IRQHandler
                0x08003494                Default_Handler
                0x08003494                EXTI9_5_IRQHandler
                0x08003494                SPI2_IRQHandler
                0x08003494                MemManage_Handler
                0x08003494                DMA1_Channel5_IRQHandler
                0x08003494                EXTI4_IRQHandler
                0x08003494                USB_LP_CAN1_RX0_IRQHandler
                0x08003494                USB_HP_CAN1_TX_IRQHandler
                0x08003494                TIM1_UP_IRQHandler
                0x08003494                WWDG_IRQHandler
                0x08003494                TIM1_BRK_IRQHandler
                0x08003494                EXTI1_IRQHandler
                0x08003494                USART2_IRQHandler
                0x08003494                I2C2_ER_IRQHandler
                0x08003494                CAN1_SCE_IRQHandler
                0x08003494                FLASH_IRQHandler
                0x08003494                BusFault_Handler
                0x08003494                USART1_IRQHandler
                0x08003494                I2C1_ER_IRQHandler
                0x08003494                USBWakeUp_IRQHandler
 *fill*         0x08003496        0x2 
 .text.__libc_init_array
                0x08003498       0x4c c:/soft/systemworkbench/plugins/fr.ac6.mcu.externaltools.arm-none.win32_1.13.2.201705091103/tools/compiler/bin/../lib/gcc/arm-none-eabi/5.4.1/../../../../arm-none-eabi/lib/armv7-m\libc_nano.a(lib_a-init.o)
                0x08003498                __libc_init_array
 .text.memset   0x080034e4       0x10 c:/soft/systemworkbench/plugins/fr.ac6.mcu.externaltools.arm-none.win32_1.13.2.201705091103/tools/compiler/bin/../lib/gcc/arm-none-eabi/5.4.1/../../../../arm-none-eabi/lib/armv7-m\libc_nano.a(lib_a-memset.o)
                0x080034e4                memset
 .text.strcpy   0x080034f4       0x10 c:/soft/systemworkbench/plugins/fr.ac6.mcu.externaltools.arm-none.win32_1.13.2.201705091103/tools/compiler/bin/../lib/gcc/arm-none-eabi/5.4.1/../../../../arm-none-eabi/lib/armv7-m\libc_nano.a(lib_a-strcpy.o)
                0x080034f4                strcpy
 .text.strncmp  0x08003504       0x2a c:/soft/systemworkbench/plugins/fr.ac6.mcu.externaltools.arm-none.win32_1.13.2.201705091103/tools/compiler/bin/../lib/gcc/arm-none-eabi/5.4.1/../../../../arm-none-eabi/lib/armv7-m\libc_nano.a(lib_a-strncmp.o)
                0x08003504                strncmp
 .text.strncpy  0x0800352e       0x26 c:/soft/systemworkbench/plugins/fr.ac6.mcu.externaltools.arm-none.win32_1.13.2.201705091103/tools/compiler/bin/../lib/gcc/arm-none-eabi/5.4.1/../../../../arm-none-eabi/lib/armv7-m\libc_nano.a(lib_a-strncpy.o)
                0x0800352e                strncpy
 *(.glue_7)
 .glue_7        0x08003554        0x0 linker stubs
 *(.glue_7t)
 .glue_7t       0x08003554        0x0 linker stubs
 *(.eh_frame)
 .eh_frame      0x08003554        0x0 c:/soft/systemworkbench/plugins/fr.ac6.mcu.externaltools.arm-none.win32_1.13.2.201705091103/tools/compiler/bin/../lib/gcc/arm-none-eabi/5.4.1/armv7-m/crtbegin.o
 *(.init)
 .init          0x08003554        0x4 c:/soft/systemworkbench/plugins/fr.ac6.mcu.externaltools.arm-none.win32_1.13.2.201705091103/tools/compiler/bin/../lib/gcc/arm-none-eabi/5.4.1/armv7-m/crti.o
                0x08003554                _init
 .init          0x08003558        0x8 c:/soft/systemworkbench/plugins/fr.ac6.mcu.externaltools.arm-none.win32_1.13.2.201705091103/tools/compiler/bin/../lib/gcc/arm-none-eabi/5.4.1/armv7-m/crtn.o
 *(.fini)
 .fini          0x08003560        0x4 c:/soft/systemworkbench/plugins/fr.ac6.mcu.externaltools.arm-none.win32_1.13.2.201705091103/tools/compiler/bin/../lib/gcc/arm-none-eabi/5.4.1/armv7-m/crti.o
                0x08003560                _fini
 .fini          0x08003564        0x8 c:/soft/systemworkbench/plugins/fr.ac6.mcu.externaltools.arm-none.win32_1.13.2.201705091103/tools/compiler/bin/../lib/gcc/arm-none-eabi/5.4.1/armv7-m/crtn.o
                0x0800356c                . = ALIGN (0x4)
                0x0800356c                _etext = .

.vfp11_veneer   0x0800356c        0x0
 .vfp11_veneer  0x0800356c        0x0 linker stubs

.v4_bx          0x0800356c        0x0
 .v4_bx         0x0800356c        0x0 linker stubs

.iplt           0x0800356c        0x0
 .iplt          0x0800356c        0x0 c:/soft/systemworkbench/plugins/fr.ac6.mcu.externaltools.arm-none.win32_1.13.2.201705091103/tools/compiler/bin/../lib/gcc/arm-none-eabi/5.4.1/armv7-m/crtbegin.o

.rodata         0x0800356c      0x2cc
                0x0800356c                . = ALIGN (0x4)
 *(.rodata)
 .rodata        0x0800356c       0x12 Drivers/STM32F1xx_HAL_Driver/Src/stm32f1xx_hal_rcc.o
 *fill*         0x0800357e        0x2 
 .rodata        0x08003580       0x10 Middlewares/Third_Party/FreeRTOS-Plus/Source/FreeRTOS-Plus-CLI/FreeRTOS_CLI.o
 .rodata        0x08003590       0x14 Src/main.o
 .rodata        0x080035a4       0x30 Src/nn_commands.o
 .rodata        0x080035d4       0x18 Src/system_stm32f1xx.o
                0x080035d4                AHBPrescTable
                0x080035e4                APBPrescTable
 *(.rodata*)
 .rodata.str1.4
                0x080035ec        0x5 Middlewares/Third_Party/FreeRTOS/Source/tasks.o
 *fill*         0x080035f1        0x3 
 .rodata.str1.4
                0x080035f4       0xe0 Middlewares/Third_Party/FreeRTOS-Plus/Source/FreeRTOS-Plus-CLI/FreeRTOS_CLI.o
 .rodata.str1.4
                0x080036d4        0xc Src/main.o
 .rodata.str1.4
                0x080036e0       0xc5 Src/nn_commands.o
 *fill*         0x080037a5        0x3 
 .rodata.str1.4
                0x080037a8       0x90 Src/nn_console.o
                                 0x94 (size before relaxing)
 .rodata.str1.4
                0x08003838        0x4 Src/nn_threads.o
                0x0800383c                . = ALIGN (0x4)

.rel.dyn        0x08003838        0x0
 .rel.iplt      0x08003838        0x0 c:/soft/systemworkbench/plugins/fr.ac6.mcu.externaltools.arm-none.win32_1.13.2.201705091103/tools/compiler/bin/../lib/gcc/arm-none-eabi/5.4.1/armv7-m/crtbegin.o

.ARM.extab
 *(.ARM.extab* .gnu.linkonce.armextab.*)

.ARM            0x08003838        0x0
                0x08003838                __exidx_start = .
 *(.ARM.exidx*)
                0x08003838                __exidx_end = .

.preinit_array  0x08003838        0x0
                0x08003838                PROVIDE (__preinit_array_start, .)
 *(.preinit_array*)
                0x08003838                PROVIDE (__preinit_array_end, .)

.init_array     0x08003838        0x4
                0x08003838                PROVIDE (__init_array_start, .)
 *(SORT(.init_array.*))
 *(.init_array*)
 .init_array    0x08003838        0x4 c:/soft/systemworkbench/plugins/fr.ac6.mcu.externaltools.arm-none.win32_1.13.2.201705091103/tools/compiler/bin/../lib/gcc/arm-none-eabi/5.4.1/armv7-m/crtbegin.o
                0x0800383c                PROVIDE (__init_array_end, .)

.fini_array     0x0800383c        0x4
                [!provide]                PROVIDE (__fini_array_start, .)
 *(SORT(.fini_array.*))
 *(.fini_array*)
 .fini_array    0x0800383c        0x4 c:/soft/systemworkbench/plugins/fr.ac6.mcu.externaltools.arm-none.win32_1.13.2.201705091103/tools/compiler/bin/../lib/gcc/arm-none-eabi/5.4.1/armv7-m/crtbegin.o
                [!provide]                PROVIDE (__fini_array_end, .)
                0x08003840                _sidata = LOADADDR (.data)

.data           0x20000000       0x14 load address 0x08003840
                0x20000000                . = ALIGN (0x4)
                0x20000000                _sdata = .
 *(.data)
 .data          0x20000000        0x4 Middlewares/Third_Party/FreeRTOS/Source/portable/GCC/ARM_CM3/port.o
 .data          0x20000004        0xc Middlewares/Third_Party/FreeRTOS-Plus/Source/FreeRTOS-Plus-CLI/FreeRTOS_CLI.o
 .data          0x20000010        0x4 Src/system_stm32f1xx.o
                0x20000010                SystemCoreClock
 *(.data*)
                0x20000014                . = ALIGN (0x4)
                0x20000014                _edata = .

.jcr            0x20000014        0x0 load address 0x08003854
 .jcr           0x20000014        0x0 c:/soft/systemworkbench/plugins/fr.ac6.mcu.externaltools.arm-none.win32_1.13.2.201705091103/tools/compiler/bin/../lib/gcc/arm-none-eabi/5.4.1/armv7-m/crtbegin.o

.igot.plt       0x20000014        0x0 load address 0x08003854
 .igot.plt      0x20000014        0x0 c:/soft/systemworkbench/plugins/fr.ac6.mcu.externaltools.arm-none.win32_1.13.2.201705091103/tools/compiler/bin/../lib/gcc/arm-none-eabi/5.4.1/armv7-m/crtbegin.o
                0x20000014                . = ALIGN (0x4)

.bss            0x20000014     0x1010 load address 0x08003854
                0x20000014                _sbss = .
                0x20000014                __bss_start__ = _sbss
 *(.bss)
 .bss           0x20000014       0x1c c:/soft/systemworkbench/plugins/fr.ac6.mcu.externaltools.arm-none.win32_1.13.2.201705091103/tools/compiler/bin/../lib/gcc/arm-none-eabi/5.4.1/armv7-m/crtbegin.o
 .bss           0x20000030        0x4 Drivers/STM32F1xx_HAL_Driver/Src/stm32f1xx_hal.o
 .bss           0x20000034      0x128 Middlewares/Third_Party/FreeRTOS/Source/tasks.o
                0x20000130                pxCurrentTCB
 .bss           0x2000015c        0x8 Middlewares/Third_Party/FreeRTOS/Source/portable/GCC/ARM_CM3/port.o
 .bss           0x20000164      0xc18 Middlewares/Third_Party/FreeRTOS/Source/portable/MemMang/heap_4.o
 .bss           0x20000d7c      0x108 Middlewares/Third_Party/FreeRTOS-Plus/Source/FreeRTOS-Plus-CLI/FreeRTOS_CLI.o
 .bss           0x20000e84       0x6a Src/nn_console.o
 *fill*         0x20000eee        0x2 
 .bss           0x20000ef0       0x42 Src/nn_tim.o
 *(.bss*)
 *(COMMON)
 *fill*         0x20000f32        0x2 
 COMMON         0x20000f34       0xb4 Src/main.o
                0x20000f34                defaultTaskHandle
                0x20000f38                hdma_usart3_rx
                0x20000f70                huart3
                0x20000fb0                hdma_usart3_tx
 COMMON         0x20000fe8       0x3c Src/stm32f1xx_hal_timebase_TIM.o
                0x20000fe8                htim2
                0x20001024                . = ALIGN (0x4)
                0x20001024                _ebss = .
                0x20001024                __bss_end__ = _ebss

._user_heap_stack
                0x20001024      0x604 load address 0x08003854
                0x20001028                . = ALIGN (0x8)
 *fill*         0x20001024        0x4 
                [!provide]                PROVIDE (end, .)
                [!provide]                PROVIDE (_end, .)
                0x20001228                . = (. + _Min_Heap_Size)
 *fill*         0x20001028      0x200 
                0x20001628                . = (. + _Min_Stack_Size)
 *fill*         0x20001228      0x400 
                0x20001628                . = ALIGN (0x8)

/DISCARD/
 libc.a(*)
 libm.a(*)
 libgcc.a(*)

.ARM.attributes
                0x00000000       0x29
 *(.ARM.attributes)
 .ARM.attributes
                0x00000000       0x1d c:/soft/systemworkbench/plugins/fr.ac6.mcu.externaltools.arm-none.win32_1.13.2.201705091103/tools/compiler/bin/../lib/gcc/arm-none-eabi/5.4.1/armv7-m/crti.o
 .ARM.attributes
                0x0000001d       0x2d c:/soft/systemworkbench/plugins/fr.ac6.mcu.externaltools.arm-none.win32_1.13.2.201705091103/tools/compiler/bin/../lib/gcc/arm-none-eabi/5.4.1/armv7-m/crtbegin.o
 .ARM.attributes
                0x0000004a       0x33 Drivers/STM32F1xx_HAL_Driver/Src/stm32f1xx_hal.o
 .ARM.attributes
                0x0000007d       0x33 Drivers/STM32F1xx_HAL_Driver/Src/stm32f1xx_hal_cortex.o
 .ARM.attributes
                0x000000b0       0x33 Drivers/STM32F1xx_HAL_Driver/Src/stm32f1xx_hal_dma.o
 .ARM.attributes
                0x000000e3       0x33 Drivers/STM32F1xx_HAL_Driver/Src/stm32f1xx_hal_gpio.o
 .ARM.attributes
                0x00000116       0x33 Drivers/STM32F1xx_HAL_Driver/Src/stm32f1xx_hal_rcc.o
 .ARM.attributes
                0x00000149       0x33 Drivers/STM32F1xx_HAL_Driver/Src/stm32f1xx_hal_tim.o
 .ARM.attributes
                0x0000017c       0x33 Drivers/STM32F1xx_HAL_Driver/Src/stm32f1xx_hal_tim_ex.o
 .ARM.attributes
                0x000001af       0x33 Drivers/STM32F1xx_HAL_Driver/Src/stm32f1xx_hal_uart.o
 .ARM.attributes
                0x000001e2       0x33 Middlewares/Third_Party/FreeRTOS/Source/CMSIS_RTOS/cmsis_os.o
 .ARM.attributes
                0x00000215       0x33 Middlewares/Third_Party/FreeRTOS/Source/list.o
 .ARM.attributes
                0x00000248       0x33 Middlewares/Third_Party/FreeRTOS/Source/tasks.o
 .ARM.attributes
                0x0000027b       0x33 Middlewares/Third_Party/FreeRTOS/Source/portable/GCC/ARM_CM3/port.o
 .ARM.attributes
                0x000002ae       0x33 Middlewares/Third_Party/FreeRTOS/Source/portable/MemMang/heap_4.o
 .ARM.attributes
                0x000002e1       0x33 Middlewares/Third_Party/FreeRTOS-Plus/Source/FreeRTOS-Plus-CLI/FreeRTOS_CLI.o
 .ARM.attributes
                0x00000314       0x33 Src/main.o
 .ARM.attributes
                0x00000347       0x33 Src/nn_commands.o
 .ARM.attributes
                0x0000037a       0x33 Src/nn_console.o
 .ARM.attributes
                0x000003ad       0x33 Src/nn_serial.o
 .ARM.attributes
                0x000003e0       0x33 Src/nn_threads.o
 .ARM.attributes
                0x00000413       0x33 Src/nn_tim.o
 .ARM.attributes
                0x00000446       0x33 Src/stm32f1xx_hal_msp.o
 .ARM.attributes
                0x00000479       0x33 Src/stm32f1xx_hal_timebase_TIM.o
 .ARM.attributes
                0x000004ac       0x33 Src/stm32f1xx_it.o
 .ARM.attributes
                0x000004df       0x33 Src/system_stm32f1xx.o
 .ARM.attributes
                0x00000512       0x21 startup/startup_stm32f103xb.o
 .ARM.attributes
                0x00000533       0x2d c:/soft/systemworkbench/plugins/fr.ac6.mcu.externaltools.arm-none.win32_1.13.2.201705091103/tools/compiler/bin/../lib/gcc/arm-none-eabi/5.4.1/../../../../arm-none-eabi/lib/armv7-m\libc_nano.a(lib_a-init.o)
 .ARM.attributes
                0x00000560       0x2d c:/soft/systemworkbench/plugins/fr.ac6.mcu.externaltools.arm-none.win32_1.13.2.201705091103/tools/compiler/bin/../lib/gcc/arm-none-eabi/5.4.1/../../../../arm-none-eabi/lib/armv7-m\libc_nano.a(lib_a-memset.o)
 .ARM.attributes
                0x0000058d       0x2d c:/soft/systemworkbench/plugins/fr.ac6.mcu.externaltools.arm-none.win32_1.13.2.201705091103/tools/compiler/bin/../lib/gcc/arm-none-eabi/5.4.1/../../../../arm-none-eabi/lib/armv7-m\libc_nano.a(lib_a-strcpy.o)
 .ARM.attributes
                0x000005ba       0x17 c:/soft/systemworkbench/plugins/fr.ac6.mcu.externaltools.arm-none.win32_1.13.2.201705091103/tools/compiler/bin/../lib/gcc/arm-none-eabi/5.4.1/../../../../arm-none-eabi/lib/armv7-m\libc_nano.a(lib_a-strlen.o)
 .ARM.attributes
                0x000005d1       0x2d c:/soft/systemworkbench/plugins/fr.ac6.mcu.externaltools.arm-none.win32_1.13.2.201705091103/tools/compiler/bin/../lib/gcc/arm-none-eabi/5.4.1/../../../../arm-none-eabi/lib/armv7-m\libc_nano.a(lib_a-strncmp.o)
 .ARM.attributes
                0x000005fe       0x2d c:/soft/systemworkbench/plugins/fr.ac6.mcu.externaltools.arm-none.win32_1.13.2.201705091103/tools/compiler/bin/../lib/gcc/arm-none-eabi/5.4.1/../../../../arm-none-eabi/lib/armv7-m\libc_nano.a(lib_a-strncpy.o)
 .ARM.attributes
                0x0000062b       0x1d c:/soft/systemworkbench/plugins/fr.ac6.mcu.externaltools.arm-none.win32_1.13.2.201705091103/tools/compiler/bin/../lib/gcc/arm-none-eabi/5.4.1/armv7-m/crtn.o
OUTPUT(dev_udin.elf elf32-littlearm)

.debug_info     0x00000000    0x11caa
 .debug_info    0x00000000      0x699 Drivers/STM32F1xx_HAL_Driver/Src/stm32f1xx_hal.o
 .debug_info    0x00000699      0xc33 Drivers/STM32F1xx_HAL_Driver/Src/stm32f1xx_hal_cortex.o
 .debug_info    0x000012cc      0x645 Drivers/STM32F1xx_HAL_Driver/Src/stm32f1xx_hal_dma.o
 .debug_info    0x00001911      0x608 Drivers/STM32F1xx_HAL_Driver/Src/stm32f1xx_hal_gpio.o
 .debug_info    0x00001f19     0x12ab Drivers/STM32F1xx_HAL_Driver/Src/stm32f1xx_hal_rcc.o
 .debug_info    0x000031c4     0x2d8a Drivers/STM32F1xx_HAL_Driver/Src/stm32f1xx_hal_tim.o
 .debug_info    0x00005f4e     0x11e6 Drivers/STM32F1xx_HAL_Driver/Src/stm32f1xx_hal_tim_ex.o
 .debug_info    0x00007134     0x10f5 Drivers/STM32F1xx_HAL_Driver/Src/stm32f1xx_hal_uart.o
 .debug_info    0x00008229     0x1959 Middlewares/Third_Party/FreeRTOS/Source/CMSIS_RTOS/cmsis_os.o
 .debug_info    0x00009b82      0x2a5 Middlewares/Third_Party/FreeRTOS/Source/list.o
 .debug_info    0x00009e27     0x211f Middlewares/Third_Party/FreeRTOS/Source/tasks.o
 .debug_info    0x0000bf46      0x3ed Middlewares/Third_Party/FreeRTOS/Source/portable/GCC/ARM_CM3/port.o
 .debug_info    0x0000c333      0x3b3 Middlewares/Third_Party/FreeRTOS/Source/portable/MemMang/heap_4.o
 .debug_info    0x0000c6e6      0x521 Middlewares/Third_Party/FreeRTOS-Plus/Source/FreeRTOS-Plus-CLI/FreeRTOS_CLI.o
 .debug_info    0x0000cc07     0x1083 Src/main.o
 .debug_info    0x0000dc8a      0x2e5 Src/nn_commands.o
 .debug_info    0x0000df6f      0x89d Src/nn_console.o
 .debug_info    0x0000e80c      0x682 Src/nn_serial.o
 .debug_info    0x0000ee8e      0x15e Src/nn_threads.o
 .debug_info    0x0000efec      0xcef Src/nn_tim.o
 .debug_info    0x0000fcdb      0xa86 Src/stm32f1xx_hal_msp.o
 .debug_info    0x00010761      0x8d1 Src/stm32f1xx_hal_timebase_TIM.o
 .debug_info    0x00011032      0x81c Src/stm32f1xx_it.o
 .debug_info    0x0001184e      0x3eb Src/system_stm32f1xx.o
 .debug_info    0x00011c39       0x71 startup/startup_stm32f103xb.o

.debug_abbrev   0x00000000     0x2d10
 .debug_abbrev  0x00000000      0x21f Drivers/STM32F1xx_HAL_Driver/Src/stm32f1xx_hal.o
 .debug_abbrev  0x0000021f      0x2bd Drivers/STM32F1xx_HAL_Driver/Src/stm32f1xx_hal_cortex.o
 .debug_abbrev  0x000004dc      0x1f2 Drivers/STM32F1xx_HAL_Driver/Src/stm32f1xx_hal_dma.o
 .debug_abbrev  0x000006ce      0x1cd Drivers/STM32F1xx_HAL_Driver/Src/stm32f1xx_hal_gpio.o
 .debug_abbrev  0x0000089b      0x287 Drivers/STM32F1xx_HAL_Driver/Src/stm32f1xx_hal_rcc.o
 .debug_abbrev  0x00000b22      0x22a Drivers/STM32F1xx_HAL_Driver/Src/stm32f1xx_hal_tim.o
 .debug_abbrev  0x00000d4c      0x21b Drivers/STM32F1xx_HAL_Driver/Src/stm32f1xx_hal_tim_ex.o
 .debug_abbrev  0x00000f67      0x228 Drivers/STM32F1xx_HAL_Driver/Src/stm32f1xx_hal_uart.o
 .debug_abbrev  0x0000118f      0x2ac Middlewares/Third_Party/FreeRTOS/Source/CMSIS_RTOS/cmsis_os.o
 .debug_abbrev  0x0000143b       0xdf Middlewares/Third_Party/FreeRTOS/Source/list.o
 .debug_abbrev  0x0000151a      0x29b Middlewares/Third_Party/FreeRTOS/Source/tasks.o
 .debug_abbrev  0x000017b5      0x1ff Middlewares/Third_Party/FreeRTOS/Source/portable/GCC/ARM_CM3/port.o
 .debug_abbrev  0x000019b4      0x1ce Middlewares/Third_Party/FreeRTOS/Source/portable/MemMang/heap_4.o
 .debug_abbrev  0x00001b82      0x190 Middlewares/Third_Party/FreeRTOS-Plus/Source/FreeRTOS-Plus-CLI/FreeRTOS_CLI.o
 .debug_abbrev  0x00001d12      0x27e Src/main.o
 .debug_abbrev  0x00001f90      0x11b Src/nn_commands.o
 .debug_abbrev  0x000020ab      0x1e8 Src/nn_console.o
 .debug_abbrev  0x00002293      0x190 Src/nn_serial.o
 .debug_abbrev  0x00002423       0xe1 Src/nn_threads.o
 .debug_abbrev  0x00002504      0x1d9 Src/nn_tim.o
 .debug_abbrev  0x000026dd      0x1bc Src/stm32f1xx_hal_msp.o
 .debug_abbrev  0x00002899      0x1d4 Src/stm32f1xx_hal_timebase_TIM.o
 .debug_abbrev  0x00002a6d      0x16c Src/stm32f1xx_it.o
 .debug_abbrev  0x00002bd9      0x125 Src/system_stm32f1xx.o
 .debug_abbrev  0x00002cfe       0x12 startup/startup_stm32f103xb.o

.debug_loc      0x00000000     0x9bc2
 .debug_loc     0x00000000       0x81 Drivers/STM32F1xx_HAL_Driver/Src/stm32f1xx_hal.o
 .debug_loc     0x00000081      0x527 Drivers/STM32F1xx_HAL_Driver/Src/stm32f1xx_hal_cortex.o
 .debug_loc     0x000005a8      0x417 Drivers/STM32F1xx_HAL_Driver/Src/stm32f1xx_hal_dma.o
 .debug_loc     0x000009bf      0x377 Drivers/STM32F1xx_HAL_Driver/Src/stm32f1xx_hal_gpio.o
 .debug_loc     0x00000d36      0x8e9 Drivers/STM32F1xx_HAL_Driver/Src/stm32f1xx_hal_rcc.o
 .debug_loc     0x0000161f     0x32a5 Drivers/STM32F1xx_HAL_Driver/Src/stm32f1xx_hal_tim.o
 .debug_loc     0x000048c4      0xbdb Drivers/STM32F1xx_HAL_Driver/Src/stm32f1xx_hal_tim_ex.o
 .debug_loc     0x0000549f     0x1009 Drivers/STM32F1xx_HAL_Driver/Src/stm32f1xx_hal_uart.o
 .debug_loc     0x000064a8      0xeb9 Middlewares/Third_Party/FreeRTOS/Source/CMSIS_RTOS/cmsis_os.o
 .debug_loc     0x00007361       0x65 Middlewares/Third_Party/FreeRTOS/Source/list.o
 .debug_loc     0x000073c6     0x1af4 Middlewares/Third_Party/FreeRTOS/Source/tasks.o
 .debug_loc     0x00008eba       0xa6 Middlewares/Third_Party/FreeRTOS/Source/portable/GCC/ARM_CM3/port.o
 .debug_loc     0x00008f60      0x27b Middlewares/Third_Party/FreeRTOS/Source/portable/MemMang/heap_4.o
 .debug_loc     0x000091db      0x407 Middlewares/Third_Party/FreeRTOS-Plus/Source/FreeRTOS-Plus-CLI/FreeRTOS_CLI.o
 .debug_loc     0x000095e2       0x42 Src/main.o
 .debug_loc     0x00009624      0x13f Src/nn_commands.o
 .debug_loc     0x00009763      0x122 Src/nn_console.o
 .debug_loc     0x00009885      0x151 Src/nn_serial.o
 .debug_loc     0x000099d6       0x21 Src/nn_threads.o
 .debug_loc     0x000099f7       0x21 Src/nn_tim.o
 .debug_loc     0x00009a18       0x52 Src/stm32f1xx_hal_msp.o
 .debug_loc     0x00009a6a       0x79 Src/stm32f1xx_hal_timebase_TIM.o
 .debug_loc     0x00009ae3       0xdf Src/system_stm32f1xx.o

.debug_aranges  0x00000000      0xfa8
 .debug_aranges
                0x00000000       0xb0 Drivers/STM32F1xx_HAL_Driver/Src/stm32f1xx_hal.o
 .debug_aranges
                0x000000b0       0x90 Drivers/STM32F1xx_HAL_Driver/Src/stm32f1xx_hal_cortex.o
 .debug_aranges
                0x00000140       0x68 Drivers/STM32F1xx_HAL_Driver/Src/stm32f1xx_hal_dma.o
 .debug_aranges
                0x000001a8       0x58 Drivers/STM32F1xx_HAL_Driver/Src/stm32f1xx_hal_gpio.o
 .debug_aranges
                0x00000200       0x88 Drivers/STM32F1xx_HAL_Driver/Src/stm32f1xx_hal_rcc.o
 .debug_aranges
                0x00000288      0x368 Drivers/STM32F1xx_HAL_Driver/Src/stm32f1xx_hal_tim.o
 .debug_aranges
                0x000005f0      0x138 Drivers/STM32F1xx_HAL_Driver/Src/stm32f1xx_hal_tim_ex.o
 .debug_aranges
                0x00000728      0x150 Drivers/STM32F1xx_HAL_Driver/Src/stm32f1xx_hal_uart.o
 .debug_aranges
                0x00000878      0x1b0 Middlewares/Third_Party/FreeRTOS/Source/CMSIS_RTOS/cmsis_os.o
 .debug_aranges
                0x00000a28       0x40 Middlewares/Third_Party/FreeRTOS/Source/list.o
 .debug_aranges
                0x00000a68      0x1b0 Middlewares/Third_Party/FreeRTOS/Source/tasks.o
 .debug_aranges
                0x00000c18       0x90 Middlewares/Third_Party/FreeRTOS/Source/portable/GCC/ARM_CM3/port.o
 .debug_aranges
                0x00000ca8       0x50 Middlewares/Third_Party/FreeRTOS/Source/portable/MemMang/heap_4.o
 .debug_aranges
                0x00000cf8       0x48 Middlewares/Third_Party/FreeRTOS-Plus/Source/FreeRTOS-Plus-CLI/FreeRTOS_CLI.o
 .debug_aranges
                0x00000d40       0x58 Src/main.o
 .debug_aranges
                0x00000d98       0x38 Src/nn_commands.o
 .debug_aranges
                0x00000dd0       0x30 Src/nn_console.o
 .debug_aranges
                0x00000e00       0x38 Src/nn_serial.o
 .debug_aranges
                0x00000e38       0x28 Src/nn_threads.o
 .debug_aranges
                0x00000e60       0x50 Src/nn_tim.o
 .debug_aranges
                0x00000eb0       0x30 Src/stm32f1xx_hal_msp.o
 .debug_aranges
                0x00000ee0       0x30 Src/stm32f1xx_hal_timebase_TIM.o
 .debug_aranges
                0x00000f10       0x48 Src/stm32f1xx_it.o
 .debug_aranges
                0x00000f58       0x28 Src/system_stm32f1xx.o
 .debug_aranges
                0x00000f80       0x28 startup/startup_stm32f103xb.o

.debug_ranges   0x00000000      0xe38
 .debug_ranges  0x00000000       0xa0 Drivers/STM32F1xx_HAL_Driver/Src/stm32f1xx_hal.o
 .debug_ranges  0x000000a0       0x80 Drivers/STM32F1xx_HAL_Driver/Src/stm32f1xx_hal_cortex.o
 .debug_ranges  0x00000120       0x58 Drivers/STM32F1xx_HAL_Driver/Src/stm32f1xx_hal_dma.o
 .debug_ranges  0x00000178       0x48 Drivers/STM32F1xx_HAL_Driver/Src/stm32f1xx_hal_gpio.o
 .debug_ranges  0x000001c0       0x78 Drivers/STM32F1xx_HAL_Driver/Src/stm32f1xx_hal_rcc.o
 .debug_ranges  0x00000238      0x358 Drivers/STM32F1xx_HAL_Driver/Src/stm32f1xx_hal_tim.o
 .debug_ranges  0x00000590      0x128 Drivers/STM32F1xx_HAL_Driver/Src/stm32f1xx_hal_tim_ex.o
 .debug_ranges  0x000006b8      0x140 Drivers/STM32F1xx_HAL_Driver/Src/stm32f1xx_hal_uart.o
 .debug_ranges  0x000007f8      0x1a0 Middlewares/Third_Party/FreeRTOS/Source/CMSIS_RTOS/cmsis_os.o
 .debug_ranges  0x00000998       0x30 Middlewares/Third_Party/FreeRTOS/Source/list.o
 .debug_ranges  0x000009c8      0x1b8 Middlewares/Third_Party/FreeRTOS/Source/tasks.o
 .debug_ranges  0x00000b80       0x80 Middlewares/Third_Party/FreeRTOS/Source/portable/GCC/ARM_CM3/port.o
 .debug_ranges  0x00000c00       0x40 Middlewares/Third_Party/FreeRTOS/Source/portable/MemMang/heap_4.o
 .debug_ranges  0x00000c40       0x38 Middlewares/Third_Party/FreeRTOS-Plus/Source/FreeRTOS-Plus-CLI/FreeRTOS_CLI.o
 .debug_ranges  0x00000c78       0x48 Src/main.o
 .debug_ranges  0x00000cc0       0x28 Src/nn_commands.o
 .debug_ranges  0x00000ce8       0x20 Src/nn_console.o
 .debug_ranges  0x00000d08       0x28 Src/nn_serial.o
 .debug_ranges  0x00000d30       0x18 Src/nn_threads.o
 .debug_ranges  0x00000d48       0x40 Src/nn_tim.o
 .debug_ranges  0x00000d88       0x20 Src/stm32f1xx_hal_msp.o
 .debug_ranges  0x00000da8       0x20 Src/stm32f1xx_hal_timebase_TIM.o
 .debug_ranges  0x00000dc8       0x38 Src/stm32f1xx_it.o
 .debug_ranges  0x00000e00       0x18 Src/system_stm32f1xx.o
 .debug_ranges  0x00000e18       0x20 startup/startup_stm32f103xb.o

.debug_macro    0x00000000    0x1c45b
 .debug_macro   0x00000000      0x2fe Drivers/STM32F1xx_HAL_Driver/Src/stm32f1xx_hal.o
 .debug_macro   0x000002fe      0x880 Drivers/STM32F1xx_HAL_Driver/Src/stm32f1xx_hal.o
 .debug_macro   0x00000b7e       0x5e Drivers/STM32F1xx_HAL_Driver/Src/stm32f1xx_hal.o
 .debug_macro   0x00000bdc      0x167 Drivers/STM32F1xx_HAL_Driver/Src/stm32f1xx_hal.o
 .debug_macro   0x00000d43       0x2e Drivers/STM32F1xx_HAL_Driver/Src/stm32f1xx_hal.o
 .debug_macro   0x00000d71       0x22 Drivers/STM32F1xx_HAL_Driver/Src/stm32f1xx_hal.o
 .debug_macro   0x00000d93       0x22 Drivers/STM32F1xx_HAL_Driver/Src/stm32f1xx_hal.o
 .debug_macro   0x00000db5       0x87 Drivers/STM32F1xx_HAL_Driver/Src/stm32f1xx_hal.o
 .debug_macro   0x00000e3c       0x44 Drivers/STM32F1xx_HAL_Driver/Src/stm32f1xx_hal.o
 .debug_macro   0x00000e80       0xfd Drivers/STM32F1xx_HAL_Driver/Src/stm32f1xx_hal.o
 .debug_macro   0x00000f7d       0x5e Drivers/STM32F1xx_HAL_Driver/Src/stm32f1xx_hal.o
 .debug_macro   0x00000fdb      0x1df Drivers/STM32F1xx_HAL_Driver/Src/stm32f1xx_hal.o
 .debug_macro   0x000011ba       0x34 Drivers/STM32F1xx_HAL_Driver/Src/stm32f1xx_hal.o
 .debug_macro   0x000011ee       0x34 Drivers/STM32F1xx_HAL_Driver/Src/stm32f1xx_hal.o
 .debug_macro   0x00001222      0xb8e Drivers/STM32F1xx_HAL_Driver/Src/stm32f1xx_hal.o
 .debug_macro   0x00001db0     0xf2f7 Drivers/STM32F1xx_HAL_Driver/Src/stm32f1xx_hal.o
 .debug_macro   0x000110a7       0x43 Drivers/STM32F1xx_HAL_Driver/Src/stm32f1xx_hal.o
 .debug_macro   0x000110ea     0x3383 Drivers/STM32F1xx_HAL_Driver/Src/stm32f1xx_hal.o
 .debug_macro   0x0001446d       0x52 Drivers/STM32F1xx_HAL_Driver/Src/stm32f1xx_hal.o
 .debug_macro   0x000144bf       0x35 Drivers/STM32F1xx_HAL_Driver/Src/stm32f1xx_hal.o
 .debug_macro   0x000144f4       0x9c Drivers/STM32F1xx_HAL_Driver/Src/stm32f1xx_hal.o
 .debug_macro   0x00014590       0x16 Drivers/STM32F1xx_HAL_Driver/Src/stm32f1xx_hal.o
 .debug_macro   0x000145a6       0x97 Drivers/STM32F1xx_HAL_Driver/Src/stm32f1xx_hal.o
 .debug_macro   0x0001463d      0x30d Drivers/STM32F1xx_HAL_Driver/Src/stm32f1xx_hal.o
 .debug_macro   0x0001494a       0xfd Drivers/STM32F1xx_HAL_Driver/Src/stm32f1xx_hal.o
 .debug_macro   0x00014a47       0x10 Drivers/STM32F1xx_HAL_Driver/Src/stm32f1xx_hal.o
 .debug_macro   0x00014a57       0x52 Drivers/STM32F1xx_HAL_Driver/Src/stm32f1xx_hal.o
 .debug_macro   0x00014aa9       0x1f Drivers/STM32F1xx_HAL_Driver/Src/stm32f1xx_hal.o
 .debug_macro   0x00014ac8       0x43 Drivers/STM32F1xx_HAL_Driver/Src/stm32f1xx_hal.o
 .debug_macro   0x00014b0b       0x20 Drivers/STM32F1xx_HAL_Driver/Src/stm32f1xx_hal.o
 .debug_macro   0x00014b2b      0x187 Drivers/STM32F1xx_HAL_Driver/Src/stm32f1xx_hal.o
 .debug_macro   0x00014cb2       0x10 Drivers/STM32F1xx_HAL_Driver/Src/stm32f1xx_hal.o
 .debug_macro   0x00014cc2       0x1c Drivers/STM32F1xx_HAL_Driver/Src/stm32f1xx_hal.o
 .debug_macro   0x00014cde       0x52 Drivers/STM32F1xx_HAL_Driver/Src/stm32f1xx_hal.o
 .debug_macro   0x00014d30       0x40 Drivers/STM32F1xx_HAL_Driver/Src/stm32f1xx_hal.o
 .debug_macro   0x00014d70       0x10 Drivers/STM32F1xx_HAL_Driver/Src/stm32f1xx_hal.o
 .debug_macro   0x00014d80       0x40 Drivers/STM32F1xx_HAL_Driver/Src/stm32f1xx_hal.o
 .debug_macro   0x00014dc0       0xd7 Drivers/STM32F1xx_HAL_Driver/Src/stm32f1xx_hal.o
 .debug_macro   0x00014e97       0x16 Drivers/STM32F1xx_HAL_Driver/Src/stm32f1xx_hal.o
 .debug_macro   0x00014ead      0x18b Drivers/STM32F1xx_HAL_Driver/Src/stm32f1xx_hal.o
 .debug_macro   0x00015038       0x50 Drivers/STM32F1xx_HAL_Driver/Src/stm32f1xx_hal.o
 .debug_macro   0x00015088      0x778 Drivers/STM32F1xx_HAL_Driver/Src/stm32f1xx_hal.o
 .debug_macro   0x00015800      0x28b Drivers/STM32F1xx_HAL_Driver/Src/stm32f1xx_hal.o
 .debug_macro   0x00015a8b      0x141 Drivers/STM32F1xx_HAL_Driver/Src/stm32f1xx_hal.o
 .debug_macro   0x00015bcc      0x197 Drivers/STM32F1xx_HAL_Driver/Src/stm32f1xx_hal.o
 .debug_macro   0x00015d63      0x1ae Drivers/STM32F1xx_HAL_Driver/Src/stm32f1xx_hal.o
 .debug_macro   0x00015f11       0x2d Drivers/STM32F1xx_HAL_Driver/Src/stm32f1xx_hal.o
 .debug_macro   0x00015f3e       0x3c Drivers/STM32F1xx_HAL_Driver/Src/stm32f1xx_hal.o
 .debug_macro   0x00015f7a       0x57 Drivers/STM32F1xx_HAL_Driver/Src/stm32f1xx_hal.o
 .debug_macro   0x00015fd1       0x8c Drivers/STM32F1xx_HAL_Driver/Src/stm32f1xx_hal.o
 .debug_macro   0x0001605d      0x242 Drivers/STM32F1xx_HAL_Driver/Src/stm32f1xx_hal.o
 .debug_macro   0x0001629f      0x143 Drivers/STM32F1xx_HAL_Driver/Src/stm32f1xx_hal.o
 .debug_macro   0x000163e2      0x83e Drivers/STM32F1xx_HAL_Driver/Src/stm32f1xx_hal.o
 .debug_macro   0x00016c20       0x11 Drivers/STM32F1xx_HAL_Driver/Src/stm32f1xx_hal.o
 .debug_macro   0x00016c31      0x256 Drivers/STM32F1xx_HAL_Driver/Src/stm32f1xx_hal.o
 .debug_macro   0x00016e87       0x7c Drivers/STM32F1xx_HAL_Driver/Src/stm32f1xx_hal.o
 .debug_macro   0x00016f03      0x2da Drivers/STM32F1xx_HAL_Driver/Src/stm32f1xx_hal_cortex.o
 .debug_macro   0x000171dd      0x2e0 Drivers/STM32F1xx_HAL_Driver/Src/stm32f1xx_hal_dma.o
 .debug_macro   0x000174bd      0x34a Drivers/STM32F1xx_HAL_Driver/Src/stm32f1xx_hal_gpio.o
 .debug_macro   0x00017807      0x2fe Drivers/STM32F1xx_HAL_Driver/Src/stm32f1xx_hal_rcc.o
 .debug_macro   0x00017b05      0x2db Drivers/STM32F1xx_HAL_Driver/Src/stm32f1xx_hal_tim.o
 .debug_macro   0x00017de0      0x2da Drivers/STM32F1xx_HAL_Driver/Src/stm32f1xx_hal_tim_ex.o
 .debug_macro   0x000180ba      0x2db Drivers/STM32F1xx_HAL_Driver/Src/stm32f1xx_hal_uart.o
 .debug_macro   0x00018395      0x1f6 Middlewares/Third_Party/FreeRTOS/Source/CMSIS_RTOS/cmsis_os.o
 .debug_macro   0x0001858b       0x4c Middlewares/Third_Party/FreeRTOS/Source/CMSIS_RTOS/cmsis_os.o
 .debug_macro   0x000185d7       0x8d Middlewares/Third_Party/FreeRTOS/Source/CMSIS_RTOS/cmsis_os.o
 .debug_macro   0x00018664      0x174 Middlewares/Third_Party/FreeRTOS/Source/CMSIS_RTOS/cmsis_os.o
 .debug_macro   0x000187d8       0x4a Middlewares/Third_Party/FreeRTOS/Source/CMSIS_RTOS/cmsis_os.o
 .debug_macro   0x00018822       0x10 Middlewares/Third_Party/FreeRTOS/Source/CMSIS_RTOS/cmsis_os.o
 .debug_macro   0x00018832       0x35 Middlewares/Third_Party/FreeRTOS/Source/CMSIS_RTOS/cmsis_os.o
 .debug_macro   0x00018867       0x16 Middlewares/Third_Party/FreeRTOS/Source/CMSIS_RTOS/cmsis_os.o
 .debug_macro   0x0001887d       0x26 Middlewares/Third_Party/FreeRTOS/Source/CMSIS_RTOS/cmsis_os.o
 .debug_macro   0x000188a3       0xc6 Middlewares/Third_Party/FreeRTOS/Source/CMSIS_RTOS/cmsis_os.o
 .debug_macro   0x00018969      0x15d Middlewares/Third_Party/FreeRTOS/Source/CMSIS_RTOS/cmsis_os.o
 .debug_macro   0x00018ac6       0xd9 Middlewares/Third_Party/FreeRTOS/Source/CMSIS_RTOS/cmsis_os.o
 .debug_macro   0x00018b9f       0x10 Middlewares/Third_Party/FreeRTOS/Source/CMSIS_RTOS/cmsis_os.o
 .debug_macro   0x00018baf       0x1f Middlewares/Third_Party/FreeRTOS/Source/CMSIS_RTOS/cmsis_os.o
 .debug_macro   0x00018bce      0x3f4 Middlewares/Third_Party/FreeRTOS/Source/CMSIS_RTOS/cmsis_os.o
 .debug_macro   0x00018fc2       0xc0 Middlewares/Third_Party/FreeRTOS/Source/CMSIS_RTOS/cmsis_os.o
 .debug_macro   0x00019082       0x9a Middlewares/Third_Party/FreeRTOS/Source/CMSIS_RTOS/cmsis_os.o
 .debug_macro   0x0001911c       0x91 Middlewares/Third_Party/FreeRTOS/Source/CMSIS_RTOS/cmsis_os.o
 .debug_macro   0x000191ad       0xb0 Middlewares/Third_Party/FreeRTOS/Source/CMSIS_RTOS/cmsis_os.o
 .debug_macro   0x0001925d       0x7f Middlewares/Third_Party/FreeRTOS/Source/CMSIS_RTOS/cmsis_os.o
 .debug_macro   0x000192dc       0xcf Middlewares/Third_Party/FreeRTOS/Source/CMSIS_RTOS/cmsis_os.o
 .debug_macro   0x000193ab      0x18b Middlewares/Third_Party/FreeRTOS/Source/list.o
 .debug_macro   0x00019536      0x243 Middlewares/Third_Party/FreeRTOS/Source/tasks.o
 .debug_macro   0x00019779       0x11 Middlewares/Third_Party/FreeRTOS/Source/tasks.o
 .debug_macro   0x0001978a      0x17e Middlewares/Third_Party/FreeRTOS/Source/portable/GCC/ARM_CM3/port.o
 .debug_macro   0x00019908      0x1b2 Middlewares/Third_Party/FreeRTOS/Source/portable/MemMang/heap_4.o
 .debug_macro   0x00019aba      0x19c Middlewares/Third_Party/FreeRTOS-Plus/Source/FreeRTOS-Plus-CLI/FreeRTOS_CLI.o
 .debug_macro   0x00019c56       0x16 Middlewares/Third_Party/FreeRTOS-Plus/Source/FreeRTOS-Plus-CLI/FreeRTOS_CLI.o
 .debug_macro   0x00019c6c      0x43d Src/main.o
 .debug_macro   0x0001a0a9       0xcc Src/main.o
 .debug_macro   0x0001a175      0x391 Src/nn_commands.o
 .debug_macro   0x0001a506      0x3f4 Src/nn_commands.o
 .debug_macro   0x0001a8fa       0x3a Src/nn_commands.o
 .debug_macro   0x0001a934      0x16d Src/nn_commands.o
 .debug_macro   0x0001aaa1       0x1c Src/nn_commands.o
 .debug_macro   0x0001aabd      0x3fb Src/nn_console.o
 .debug_macro   0x0001aeb8      0x32f Src/nn_serial.o
 .debug_macro   0x0001b1e7      0x355 Src/nn_threads.o
 .debug_macro   0x0001b53c      0x2e4 Src/nn_tim.o
 .debug_macro   0x0001b820      0x2da Src/stm32f1xx_hal_msp.o
 .debug_macro   0x0001bafa      0x2da Src/stm32f1xx_hal_timebase_TIM.o
 .debug_macro   0x0001bdd4      0x3a7 Src/stm32f1xx_it.o
 .debug_macro   0x0001c17b      0x2e0 Src/system_stm32f1xx.o

.debug_line     0x00000000     0xeab7
 .debug_line    0x00000000      0x8ae Drivers/STM32F1xx_HAL_Driver/Src/stm32f1xx_hal.o
 .debug_line    0x000008ae      0x8ea Drivers/STM32F1xx_HAL_Driver/Src/stm32f1xx_hal_cortex.o
 .debug_line    0x00001198      0xb27 Drivers/STM32F1xx_HAL_Driver/Src/stm32f1xx_hal_dma.o
 .debug_line    0x00001cbf      0x8d4 Drivers/STM32F1xx_HAL_Driver/Src/stm32f1xx_hal_gpio.o
 .debug_line    0x00002593      0xc21 Drivers/STM32F1xx_HAL_Driver/Src/stm32f1xx_hal_rcc.o
 .debug_line    0x000031b4     0x15da Drivers/STM32F1xx_HAL_Driver/Src/stm32f1xx_hal_tim.o
 .debug_line    0x0000478e      0xced Drivers/STM32F1xx_HAL_Driver/Src/stm32f1xx_hal_tim_ex.o
 .debug_line    0x0000547b      0xda5 Drivers/STM32F1xx_HAL_Driver/Src/stm32f1xx_hal_uart.o
 .debug_line    0x00006220      0xb12 Middlewares/Third_Party/FreeRTOS/Source/CMSIS_RTOS/cmsis_os.o
 .debug_line    0x00006d32      0x55f Middlewares/Third_Party/FreeRTOS/Source/list.o
 .debug_line    0x00007291      0xdb0 Middlewares/Third_Party/FreeRTOS/Source/tasks.o
 .debug_line    0x00008041      0x5db Middlewares/Third_Party/FreeRTOS/Source/portable/GCC/ARM_CM3/port.o
 .debug_line    0x0000861c      0x611 Middlewares/Third_Party/FreeRTOS/Source/portable/MemMang/heap_4.o
 .debug_line    0x00008c2d      0x617 Middlewares/Third_Party/FreeRTOS-Plus/Source/FreeRTOS-Plus-CLI/FreeRTOS_CLI.o
 .debug_line    0x00009244      0xaf0 Src/main.o
 .debug_line    0x00009d34      0x982 Src/nn_commands.o
 .debug_line    0x0000a6b6      0xa0c Src/nn_console.o
 .debug_line    0x0000b0c2      0x8c0 Src/nn_serial.o
 .debug_line    0x0000b982      0x8af Src/nn_threads.o
 .debug_line    0x0000c231      0x7fd Src/nn_tim.o
 .debug_line    0x0000ca2e      0x798 Src/stm32f1xx_hal_msp.o
 .debug_line    0x0000d1c6      0x77b Src/stm32f1xx_hal_timebase_TIM.o
 .debug_line    0x0000d941      0x987 Src/stm32f1xx_it.o
 .debug_line    0x0000e2c8      0x772 Src/system_stm32f1xx.o
 .debug_line    0x0000ea3a       0x7d startup/startup_stm32f103xb.o

.debug_str      0x00000000    0x94bc6
 .debug_str     0x00000000    0x8a11a Drivers/STM32F1xx_HAL_Driver/Src/stm32f1xx_hal.o
                              0x8a5b7 (size before relaxing)
 .debug_str     0x0008a11a      0x2c6 Drivers/STM32F1xx_HAL_Driver/Src/stm32f1xx_hal_cortex.o
                              0x8a5b5 (size before relaxing)
 .debug_str     0x0008a3e0      0x30e Drivers/STM32F1xx_HAL_Driver/Src/stm32f1xx_hal_dma.o
                              0x8a223 (size before relaxing)
 .debug_str     0x0008a6ee      0x454 Drivers/STM32F1xx_HAL_Driver/Src/stm32f1xx_hal_gpio.o
                              0x8a39a (size before relaxing)
 .debug_str     0x0008ab42      0x3e2 Drivers/STM32F1xx_HAL_Driver/Src/stm32f1xx_hal_rcc.o
                              0x8a405 (size before relaxing)
 .debug_str     0x0008af24      0xe92 Drivers/STM32F1xx_HAL_Driver/Src/stm32f1xx_hal_tim.o
                              0x8b01b (size before relaxing)
 .debug_str     0x0008bdb6      0x4d0 Drivers/STM32F1xx_HAL_Driver/Src/stm32f1xx_hal_tim_ex.o
                              0x8a8b5 (size before relaxing)
 .debug_str     0x0008c286      0x528 Drivers/STM32F1xx_HAL_Driver/Src/stm32f1xx_hal_uart.o
                              0x8a688 (size before relaxing)
 .debug_str     0x0008c7ae     0x5f83 Middlewares/Third_Party/FreeRTOS/Source/CMSIS_RTOS/cmsis_os.o
                               0xbfe2 (size before relaxing)
 .debug_str     0x00092731      0x22a Middlewares/Third_Party/FreeRTOS/Source/list.o
                               0x8f46 (size before relaxing)
 .debug_str     0x0009295b     0x1042 Middlewares/Third_Party/FreeRTOS/Source/tasks.o
                               0xb124 (size before relaxing)
 .debug_str     0x0009399d      0x63d Middlewares/Third_Party/FreeRTOS/Source/portable/GCC/ARM_CM3/port.o
                               0x7595 (size before relaxing)
 .debug_str     0x00093fda      0x243 Middlewares/Third_Party/FreeRTOS/Source/portable/MemMang/heap_4.o
                               0x9830 (size before relaxing)
 .debug_str     0x0009421d      0x388 Middlewares/Third_Party/FreeRTOS-Plus/Source/FreeRTOS-Plus-CLI/FreeRTOS_CLI.o
                               0x9885 (size before relaxing)
 .debug_str     0x000945a5      0x158 Src/main.o
                              0x90260 (size before relaxing)
 .debug_str     0x000946fd       0x89 Src/nn_commands.o
                              0x8c870 (size before relaxing)
 .debug_str     0x00094786      0x197 Src/nn_console.o
                              0x8edc5 (size before relaxing)
 .debug_str     0x0009491d       0x49 Src/nn_serial.o
                              0x8c9fa (size before relaxing)
 .debug_str     0x00094966       0x28 Src/nn_threads.o
                              0x8d4e0 (size before relaxing)
 .debug_str     0x0009498e       0xba Src/nn_tim.o
                              0x8a83c (size before relaxing)
 .debug_str     0x00094a48       0x1b Src/stm32f1xx_hal_msp.o
                              0x8a6c2 (size before relaxing)
 .debug_str     0x00094a63       0x61 Src/stm32f1xx_hal_timebase_TIM.o
                              0x8a6e0 (size before relaxing)
 .debug_str     0x00094ac4       0xa1 Src/stm32f1xx_it.o
                              0x8fa2d (size before relaxing)
 .debug_str     0x00094b65       0x61 Src/system_stm32f1xx.o
                              0x89fcb (size before relaxing)

.comment        0x00000000       0x6e
 .comment       0x00000000       0x6e Drivers/STM32F1xx_HAL_Driver/Src/stm32f1xx_hal.o
                                 0x6f (size before relaxing)
 .comment       0x0000006e       0x6f Drivers/STM32F1xx_HAL_Driver/Src/stm32f1xx_hal_cortex.o
 .comment       0x0000006e       0x6f Drivers/STM32F1xx_HAL_Driver/Src/stm32f1xx_hal_dma.o
 .comment       0x0000006e       0x6f Drivers/STM32F1xx_HAL_Driver/Src/stm32f1xx_hal_gpio.o
 .comment       0x0000006e       0x6f Drivers/STM32F1xx_HAL_Driver/Src/stm32f1xx_hal_rcc.o
 .comment       0x0000006e       0x6f Drivers/STM32F1xx_HAL_Driver/Src/stm32f1xx_hal_tim.o
 .comment       0x0000006e       0x6f Drivers/STM32F1xx_HAL_Driver/Src/stm32f1xx_hal_tim_ex.o
 .comment       0x0000006e       0x6f Drivers/STM32F1xx_HAL_Driver/Src/stm32f1xx_hal_uart.o
 .comment       0x0000006e       0x6f Middlewares/Third_Party/FreeRTOS/Source/CMSIS_RTOS/cmsis_os.o
 .comment       0x0000006e       0x6f Middlewares/Third_Party/FreeRTOS/Source/list.o
 .comment       0x0000006e       0x6f Middlewares/Third_Party/FreeRTOS/Source/tasks.o
 .comment       0x0000006e       0x6f Middlewares/Third_Party/FreeRTOS/Source/portable/GCC/ARM_CM3/port.o
 .comment       0x0000006e       0x6f Middlewares/Third_Party/FreeRTOS/Source/portable/MemMang/heap_4.o
 .comment       0x0000006e       0x6f Middlewares/Third_Party/FreeRTOS-Plus/Source/FreeRTOS-Plus-CLI/FreeRTOS_CLI.o
 .comment       0x0000006e       0x6f Src/main.o
 .comment       0x0000006e       0x6f Src/nn_commands.o
 .comment       0x0000006e       0x6f Src/nn_console.o
 .comment       0x0000006e       0x6f Src/nn_serial.o
 .comment       0x0000006e       0x6f Src/nn_threads.o
 .comment       0x0000006e       0x6f Src/nn_tim.o
 .comment       0x0000006e       0x6f Src/stm32f1xx_hal_msp.o
 .comment       0x0000006e       0x6f Src/stm32f1xx_hal_timebase_TIM.o
 .comment       0x0000006e       0x6f Src/stm32f1xx_it.o
 .comment       0x0000006e       0x6f Src/system_stm32f1xx.o

.debug_frame    0x00000000     0x29a4
 .debug_frame   0x00000000      0x168 Drivers/STM32F1xx_HAL_Driver/Src/stm32f1xx_hal.o
 .debug_frame   0x00000168      0x124 Drivers/STM32F1xx_HAL_Driver/Src/stm32f1xx_hal_cortex.o
 .debug_frame   0x0000028c      0x10c Drivers/STM32F1xx_HAL_Driver/Src/stm32f1xx_hal_dma.o
 .debug_frame   0x00000398       0xc4 Drivers/STM32F1xx_HAL_Driver/Src/stm32f1xx_hal_gpio.o
 .debug_frame   0x0000045c      0x158 Drivers/STM32F1xx_HAL_Driver/Src/stm32f1xx_hal_rcc.o
 .debug_frame   0x000005b4      0x9cc Drivers/STM32F1xx_HAL_Driver/Src/stm32f1xx_hal_tim.o
 .debug_frame   0x00000f80      0x3b8 Drivers/STM32F1xx_HAL_Driver/Src/stm32f1xx_hal_tim_ex.o
 .debug_frame   0x00001338      0x378 Drivers/STM32F1xx_HAL_Driver/Src/stm32f1xx_hal_uart.o
 .debug_frame   0x000016b0      0x504 Middlewares/Third_Party/FreeRTOS/Source/CMSIS_RTOS/cmsis_os.o
 .debug_frame   0x00001bb4       0x6c Middlewares/Third_Party/FreeRTOS/Source/list.o
 .debug_frame   0x00001c20      0x544 Middlewares/Third_Party/FreeRTOS/Source/tasks.o
 .debug_frame   0x00002164      0x138 Middlewares/Third_Party/FreeRTOS/Source/portable/GCC/ARM_CM3/port.o
 .debug_frame   0x0000229c       0xac Middlewares/Third_Party/FreeRTOS/Source/portable/MemMang/heap_4.o
 .debug_frame   0x00002348       0xa8 Middlewares/Third_Party/FreeRTOS-Plus/Source/FreeRTOS-Plus-CLI/FreeRTOS_CLI.o
 .debug_frame   0x000023f0       0xe0 Src/main.o
 .debug_frame   0x000024d0       0x78 Src/nn_commands.o
 .debug_frame   0x00002548       0x68 Src/nn_console.o
 .debug_frame   0x000025b0       0x7c Src/nn_serial.o
 .debug_frame   0x0000262c       0x44 Src/nn_threads.o
 .debug_frame   0x00002670       0xe4 Src/nn_tim.o
 .debug_frame   0x00002754       0x74 Src/stm32f1xx_hal_msp.o
 .debug_frame   0x000027c8       0x4c Src/stm32f1xx_hal_timebase_TIM.o
 .debug_frame   0x00002814       0xa0 Src/stm32f1xx_it.o
 .debug_frame   0x000028b4       0x30 Src/system_stm32f1xx.o
 .debug_frame   0x000028e4       0x2c c:/soft/systemworkbench/plugins/fr.ac6.mcu.externaltools.arm-none.win32_1.13.2.201705091103/tools/compiler/bin/../lib/gcc/arm-none-eabi/5.4.1/../../../../arm-none-eabi/lib/armv7-m\libc_nano.a(lib_a-init.o)
 .debug_frame   0x00002910       0x20 c:/soft/systemworkbench/plugins/fr.ac6.mcu.externaltools.arm-none.win32_1.13.2.201705091103/tools/compiler/bin/../lib/gcc/arm-none-eabi/5.4.1/../../../../arm-none-eabi/lib/armv7-m\libc_nano.a(lib_a-memset.o)
 .debug_frame   0x00002930       0x20 c:/soft/systemworkbench/plugins/fr.ac6.mcu.externaltools.arm-none.win32_1.13.2.201705091103/tools/compiler/bin/../lib/gcc/arm-none-eabi/5.4.1/../../../../arm-none-eabi/lib/armv7-m\libc_nano.a(lib_a-strcpy.o)
 .debug_frame   0x00002950       0x2c c:/soft/systemworkbench/plugins/fr.ac6.mcu.externaltools.arm-none.win32_1.13.2.201705091103/tools/compiler/bin/../lib/gcc/arm-none-eabi/5.4.1/../../../../arm-none-eabi/lib/armv7-m\libc_nano.a(lib_a-strncmp.o)
 .debug_frame   0x0000297c       0x28 c:/soft/systemworkbench/plugins/fr.ac6.mcu.externaltools.arm-none.win32_1.13.2.201705091103/tools/compiler/bin/../lib/gcc/arm-none-eabi/5.4.1/../../../../arm-none-eabi/lib/armv7-m\libc_nano.a(lib_a-strncpy.o)
